Archive member included to satisfy reference by file (symbol)

c:/arm-gcc/tools/tools/arm-gnu-toolchain-11.3.rel1-mingw-w64-i686-arm-none-eabi/bin/../lib/gcc/arm-none-eabi/11.3.1/thumb/v7e-m+fp/hard\libc_nano.a(libc_a-exit.o)
                              c:/arm-gcc/tools/tools/arm-gnu-toolchain-11.3.rel1-mingw-w64-i686-arm-none-eabi/bin/../lib/gcc/arm-none-eabi/11.3.1/thumb/v7e-m+fp/hard/crt0.o (exit)
c:/arm-gcc/tools/tools/arm-gnu-toolchain-11.3.rel1-mingw-w64-i686-arm-none-eabi/bin/../lib/gcc/arm-none-eabi/11.3.1/thumb/v7e-m+fp/hard\libc_nano.a(libc_a-findfp.o)
                              c:/arm-gcc/tools/tools/arm-gnu-toolchain-11.3.rel1-mingw-w64-i686-arm-none-eabi/bin/../lib/gcc/arm-none-eabi/11.3.1/thumb/v7e-m+fp/hard\libc_nano.a(libc_a-exit.o) (__stdio_exit_handler)
c:/arm-gcc/tools/tools/arm-gnu-toolchain-11.3.rel1-mingw-w64-i686-arm-none-eabi/bin/../lib/gcc/arm-none-eabi/11.3.1/thumb/v7e-m+fp/hard\libc_nano.a(libc_a-fwalk.o)
                              c:/arm-gcc/tools/tools/arm-gnu-toolchain-11.3.rel1-mingw-w64-i686-arm-none-eabi/bin/../lib/gcc/arm-none-eabi/11.3.1/thumb/v7e-m+fp/hard\libc_nano.a(libc_a-findfp.o) (_fwalk_sglue)
c:/arm-gcc/tools/tools/arm-gnu-toolchain-11.3.rel1-mingw-w64-i686-arm-none-eabi/bin/../lib/gcc/arm-none-eabi/11.3.1/thumb/v7e-m+fp/hard\libc_nano.a(libc_a-sprintf.o)
                              build/main.o (sprintf)
c:/arm-gcc/tools/tools/arm-gnu-toolchain-11.3.rel1-mingw-w64-i686-arm-none-eabi/bin/../lib/gcc/arm-none-eabi/11.3.1/thumb/v7e-m+fp/hard\libc_nano.a(libc_a-stdio.o)
                              c:/arm-gcc/tools/tools/arm-gnu-toolchain-11.3.rel1-mingw-w64-i686-arm-none-eabi/bin/../lib/gcc/arm-none-eabi/11.3.1/thumb/v7e-m+fp/hard\libc_nano.a(libc_a-findfp.o) (__sread)
c:/arm-gcc/tools/tools/arm-gnu-toolchain-11.3.rel1-mingw-w64-i686-arm-none-eabi/bin/../lib/gcc/arm-none-eabi/11.3.1/thumb/v7e-m+fp/hard\libc_nano.a(libc_a-memset.o)
                              c:/arm-gcc/tools/tools/arm-gnu-toolchain-11.3.rel1-mingw-w64-i686-arm-none-eabi/bin/../lib/gcc/arm-none-eabi/11.3.1/thumb/v7e-m+fp/hard/crt0.o (memset)
c:/arm-gcc/tools/tools/arm-gnu-toolchain-11.3.rel1-mingw-w64-i686-arm-none-eabi/bin/../lib/gcc/arm-none-eabi/11.3.1/thumb/v7e-m+fp/hard\libc_nano.a(libc_a-closer.o)
                              c:/arm-gcc/tools/tools/arm-gnu-toolchain-11.3.rel1-mingw-w64-i686-arm-none-eabi/bin/../lib/gcc/arm-none-eabi/11.3.1/thumb/v7e-m+fp/hard\libc_nano.a(libc_a-stdio.o) (_close_r)
c:/arm-gcc/tools/tools/arm-gnu-toolchain-11.3.rel1-mingw-w64-i686-arm-none-eabi/bin/../lib/gcc/arm-none-eabi/11.3.1/thumb/v7e-m+fp/hard\libc_nano.a(libc_a-reent.o)
                              c:/arm-gcc/tools/tools/arm-gnu-toolchain-11.3.rel1-mingw-w64-i686-arm-none-eabi/bin/../lib/gcc/arm-none-eabi/11.3.1/thumb/v7e-m+fp/hard\libc_nano.a(libc_a-closer.o) (errno)
c:/arm-gcc/tools/tools/arm-gnu-toolchain-11.3.rel1-mingw-w64-i686-arm-none-eabi/bin/../lib/gcc/arm-none-eabi/11.3.1/thumb/v7e-m+fp/hard\libc_nano.a(libc_a-impure.o)
                              c:/arm-gcc/tools/tools/arm-gnu-toolchain-11.3.rel1-mingw-w64-i686-arm-none-eabi/bin/../lib/gcc/arm-none-eabi/11.3.1/thumb/v7e-m+fp/hard\libc_nano.a(libc_a-sprintf.o) (_impure_ptr)
c:/arm-gcc/tools/tools/arm-gnu-toolchain-11.3.rel1-mingw-w64-i686-arm-none-eabi/bin/../lib/gcc/arm-none-eabi/11.3.1/thumb/v7e-m+fp/hard\libc_nano.a(libc_a-lseekr.o)
                              c:/arm-gcc/tools/tools/arm-gnu-toolchain-11.3.rel1-mingw-w64-i686-arm-none-eabi/bin/../lib/gcc/arm-none-eabi/11.3.1/thumb/v7e-m+fp/hard\libc_nano.a(libc_a-stdio.o) (_lseek_r)
c:/arm-gcc/tools/tools/arm-gnu-toolchain-11.3.rel1-mingw-w64-i686-arm-none-eabi/bin/../lib/gcc/arm-none-eabi/11.3.1/thumb/v7e-m+fp/hard\libc_nano.a(libc_a-readr.o)
                              c:/arm-gcc/tools/tools/arm-gnu-toolchain-11.3.rel1-mingw-w64-i686-arm-none-eabi/bin/../lib/gcc/arm-none-eabi/11.3.1/thumb/v7e-m+fp/hard\libc_nano.a(libc_a-stdio.o) (_read_r)
c:/arm-gcc/tools/tools/arm-gnu-toolchain-11.3.rel1-mingw-w64-i686-arm-none-eabi/bin/../lib/gcc/arm-none-eabi/11.3.1/thumb/v7e-m+fp/hard\libc_nano.a(libc_a-writer.o)
                              c:/arm-gcc/tools/tools/arm-gnu-toolchain-11.3.rel1-mingw-w64-i686-arm-none-eabi/bin/../lib/gcc/arm-none-eabi/11.3.1/thumb/v7e-m+fp/hard\libc_nano.a(libc_a-stdio.o) (_write_r)
c:/arm-gcc/tools/tools/arm-gnu-toolchain-11.3.rel1-mingw-w64-i686-arm-none-eabi/bin/../lib/gcc/arm-none-eabi/11.3.1/thumb/v7e-m+fp/hard\libc_nano.a(libc_a-errno.o)
                              build/sysmem.o (__errno)
c:/arm-gcc/tools/tools/arm-gnu-toolchain-11.3.rel1-mingw-w64-i686-arm-none-eabi/bin/../lib/gcc/arm-none-eabi/11.3.1/thumb/v7e-m+fp/hard\libc_nano.a(libc_a-init.o)
                              c:/arm-gcc/tools/tools/arm-gnu-toolchain-11.3.rel1-mingw-w64-i686-arm-none-eabi/bin/../lib/gcc/arm-none-eabi/11.3.1/thumb/v7e-m+fp/hard/crt0.o (__libc_init_array)
[...]
Memory Configuration

Name             Origin             Length             Attributes
RAM              0x20000000         0x00020000         xrw
FLASH            0x08000000         0x00080000         xr
*default*        0x00000000         0xffffffff

Linker script and memory map

LOAD c:/arm-gcc/tools/tools/arm-gnu-toolchain-11.3.rel1-mingw-w64-i686-arm-none-eabi/bin/../lib/gcc/arm-none-eabi/11.3.1/thumb/v7e-m+fp/hard/crti.o
LOAD c:/arm-gcc/tools/tools/arm-gnu-toolchain-11.3.rel1-mingw-w64-i686-arm-none-eabi/bin/../lib/gcc/arm-none-eabi/11.3.1/thumb/v7e-m+fp/hard/crtbegin.o
LOAD c:/arm-gcc/tools/tools/arm-gnu-toolchain-11.3.rel1-mingw-w64-i686-arm-none-eabi/bin/../lib/gcc/arm-none-eabi/11.3.1/thumb/v7e-m+fp/hard/crt0.o
LOAD build/main.o
LOAD build/stm32f4xx_it.o
LOAD build/stm32f4xx_hal_msp.o
LOAD build/stm32f4xx_hal_tim.o
LOAD build/stm32f4xx_hal_tim_ex.o
LOAD build/stm32f4xx_hal_rcc.o
LOAD build/stm32f4xx_hal_rcc_ex.o
LOAD build/stm32f4xx_hal_flash.o
LOAD build/stm32f4xx_hal_flash_ex.o
LOAD build/stm32f4xx_hal_flash_ramfunc.o
LOAD build/stm32f4xx_hal_gpio.o
LOAD build/stm32f4xx_hal_dma_ex.o
LOAD build/stm32f4xx_hal_dma.o
LOAD build/stm32f4xx_hal_pwr.o
LOAD build/stm32f4xx_hal_pwr_ex.o
LOAD build/stm32f4xx_hal_cortex.o
LOAD build/stm32f4xx_hal.o
LOAD build/stm32f4xx_hal_exti.o
LOAD build/system_stm32f4xx.o
LOAD build/stm32f4xx_hal_adc.o
LOAD build/stm32f4xx_hal_adc_ex.o
LOAD build/stm32f4xx_ll_adc.o
LOAD build/sysmem.o
LOAD build/syscalls.o
LOAD build/usb_device.o
LOAD build/usbd_desc.o
LOAD build/usbd_cdc_if.o
LOAD build/usbd_conf.o
LOAD build/stm32f4xx_hal_pcd.o
LOAD build/stm32f4xx_hal_pcd_ex.o
LOAD build/stm32f4xx_ll_usb.o
LOAD build/usbd_core.o
LOAD build/usbd_ctlreq.o
LOAD build/usbd_ioreq.o
LOAD build/usbd_cdc.o
LOAD build/startup_stm32f411xe.o
LOAD c:/arm-gcc/tools/tools/arm-gnu-toolchain-11.3.rel1-mingw-w64-i686-arm-none-eabi/bin/../lib/gcc/arm-none-eabi/11.3.1/thumb/v7e-m+fp/hard\libc_nano.a
LOAD c:/arm-gcc/tools/tools/arm-gnu-toolchain-11.3.rel1-mingw-w64-i686-arm-none-eabi/bin/../lib/gcc/arm-none-eabi/11.3.1/thumb/v7e-m+fp/hard\libm.a
LOAD c:/arm-gcc/tools/tools/arm-gnu-toolchain-11.3.rel1-mingw-w64-i686-arm-none-eabi/bin/../lib/gcc/arm-none-eabi/11.3.1/thumb/v7e-m+fp/hard\libnosys.a
START GROUP
LOAD c:/arm-gcc/tools/tools/arm-gnu-toolchain-11.3.rel1-mingw-w64-i686-arm-none-eabi/bin/../lib/gcc/arm-none-eabi/11.3.1/thumb/v7e-m+fp/hard\libgcc.a
LOAD c:/arm-gcc/tools/tools/arm-gnu-toolchain-11.3.rel1-mingw-w64-i686-arm-none-eabi/bin/../lib/gcc/arm-none-eabi/11.3.1/thumb/v7e-m+fp/hard\libc_nano.a
END GROUP
START GROUP
LOAD c:/arm-gcc/tools/tools/arm-gnu-toolchain-11.3.rel1-mingw-w64-i686-arm-none-eabi/bin/../lib/gcc/arm-none-eabi/11.3.1/thumb/v7e-m+fp/hard\libgcc.a
LOAD c:/arm-gcc/tools/tools/arm-gnu-toolchain-11.3.rel1-mingw-w64-i686-arm-none-eabi/bin/../lib/gcc/arm-none-eabi/11.3.1/thumb/v7e-m+fp/hard\libc_nano.a
END GROUP
LOAD c:/arm-gcc/tools/tools/arm-gnu-toolchain-11.3.rel1-mingw-w64-i686-arm-none-eabi/bin/../lib/gcc/arm-none-eabi/11.3.1/thumb/v7e-m+fp/hard/crtend.o
LOAD c:/arm-gcc/tools/tools/arm-gnu-toolchain-11.3.rel1-mingw-w64-i686-arm-none-eabi/bin/../lib/gcc/arm-none-eabi/11.3.1/thumb/v7e-m+fp/hard/crtn.o
                0x20020000                _estack = 0x20020000
                0x00000200                _Min_Heap_Size = 0x200
                0x00000400                _Min_Stack_Size = 0x400

.isr_vector     0x08000000      0x198
                0x08000000                . = ALIGN (0x4)
 *(.isr_vector)
 .isr_vector    0x08000000      0x198 build/startup_stm32f411xe.o
                0x08000000                g_pfnVectors
                0x08000198                . = ALIGN (0x4)

.text           0x080001a0     0x9254
                0x080001a0                . = ALIGN (0x4)
 *(.text)
 .text          0x080001a0       0x10 c:/arm-gcc/tools/tools/arm-gnu-toolchain-11.3.rel1-mingw-w64-i686-arm-none-eabi/bin/../lib/gcc/arm-none-eabi/11.3.1/thumb/v7e-m+fp/hard\libc_nano.a(libc_a-strlen.o)
                0x080001a0                strlen
 .text          0x080001b0       0xa0 c:/arm-gcc/tools/tools/arm-gnu-toolchain-11.3.rel1-mingw-w64-i686-arm-none-eabi/bin/../lib/gcc/arm-none-eabi/11.3.1/thumb/v7e-m+fp/hard\libc_nano.a(libc_a-memchr.o)
                0x080001b0                memchr
 .text          0x08000250       0x30 c:/arm-gcc/tools/tools/arm-gnu-toolchain-11.3.rel1-mingw-w64-i686-arm-none-eabi/bin/../lib/gcc/arm-none-eabi/11.3.1/thumb/v7e-m+fp/hard\libgcc.a(_aeabi_uldivmod.o)
                0x08000250                __aeabi_uldivmod
 .text          0x08000280        0x4 c:/arm-gcc/tools/tools/arm-gnu-toolchain-11.3.rel1-mingw-w64-i686-arm-none-eabi/bin/../lib/gcc/arm-none-eabi/11.3.1/thumb/v7e-m+fp/hard\libgcc.a(_dvmd_tls.o)
                0x08000280                __aeabi_idiv0
                0x08000280                __aeabi_ldiv0
 *(.text*)
 .text.deregister_tm_clones
                0x08000284       0x1c c:/arm-gcc/tools/tools/arm-gnu-toolchain-11.3.rel1-mingw-w64-i686-arm-none-eabi/bin/../lib/gcc/arm-none-eabi/11.3.1/thumb/v7e-m+fp/hard/crtbegin.o
 .text.register_tm_clones
                0x080002a0       0x24 c:/arm-gcc/tools/tools/arm-gnu-toolchain-11.3.rel1-mingw-w64-i686-arm-none-eabi/bin/../lib/gcc/arm-none-eabi/11.3.1/thumb/v7e-m+fp/hard/crtbegin.o
 .text.__do_global_dtors_aux
                0x080002c4       0x28 c:/arm-gcc/tools/tools/arm-gnu-toolchain-11.3.rel1-mingw-w64-i686-arm-none-eabi/bin/../lib/gcc/arm-none-eabi/11.3.1/thumb/v7e-m+fp/hard/crtbegin.o
 .text.frame_dummy
                0x080002ec       0x24 c:/arm-gcc/tools/tools/arm-gnu-toolchain-11.3.rel1-mingw-w64-i686-arm-none-eabi/bin/../lib/gcc/arm-none-eabi/11.3.1/thumb/v7e-m+fp/hard/crtbegin.o
 .text.main     0x08000310      0x494 build/main.o
                0x08000310                main
 .text.SystemClock_Config
                0x080007a4       0xd0 build/main.o
                0x080007a4                SystemClock_Config
 .text.MX_ADC1_Init
                0x08000874       0xa4 build/main.o
 .text.MX_TIM4_Init
                0x08000918       0xf0 build/main.o
 .text.MX_GPIO_Init
                0x08000a08       0xec build/main.o
 .text.Error_Handler
                0x08000af4        0xa build/main.o
                0x08000af4                Error_Handler
 .text.NMI_Handler
                0x08000afe        0x6 build/stm32f4xx_it.o
                0x08000afe                NMI_Handler
 .text.HardFault_Handler
                0x08000b04        0x6 build/stm32f4xx_it.o
                0x08000b04                HardFault_Handler
 .text.MemManage_Handler
                0x08000b0a        0x6 build/stm32f4xx_it.o
                0x08000b0a                MemManage_Handler
 .text.BusFault_Handler
                0x08000b10        0x6 build/stm32f4xx_it.o
                0x08000b10                BusFault_Handler
 .text.UsageFault_Handler
                0x08000b16        0x6 build/stm32f4xx_it.o
                0x08000b16                UsageFault_Handler
 .text.SVC_Handler
                0x08000b1c        0xe build/stm32f4xx_it.o
                0x08000b1c                SVC_Handler
 .text.DebugMon_Handler
                0x08000b2a        0xe build/stm32f4xx_it.o
                0x08000b2a                DebugMon_Handler
 .text.PendSV_Handler
                0x08000b38        0xe build/stm32f4xx_it.o
                0x08000b38                PendSV_Handler
 .text.SysTick_Handler
                0x08000b46        0xc build/stm32f4xx_it.o
                0x08000b46                SysTick_Handler
 *fill*         0x08000b52        0x2 
 .text.OTG_FS_IRQHandler
                0x08000b54       0x14 build/stm32f4xx_it.o
                0x08000b54                OTG_FS_IRQHandler
 .text.HAL_MspInit
                0x08000b68       0x50 build/stm32f4xx_hal_msp.o
                0x08000b68                HAL_MspInit
 .text.HAL_ADC_MspInit
                0x08000bb8       0x88 build/stm32f4xx_hal_msp.o
                0x08000bb8                HAL_ADC_MspInit
 .text.HAL_TIM_Base_MspInit
                0x08000c40       0x44 build/stm32f4xx_hal_msp.o
                0x08000c40                HAL_TIM_Base_MspInit
 .text.HAL_TIM_MspPostInit
                0x08000c84       0x74 build/stm32f4xx_hal_msp.o
                0x08000c84                HAL_TIM_MspPostInit
 .text.HAL_TIM_Base_Init
                0x08000cf8       0x9e build/stm32f4xx_hal_tim.o
                0x08000cf8                HAL_TIM_Base_Init
 .text.HAL_TIM_PWM_Init
                0x08000d96       0x9e build/stm32f4xx_hal_tim.o
                0x08000d96                HAL_TIM_PWM_Init
 .text.HAL_TIM_PWM_MspInit
                0x08000e34       0x14 build/stm32f4xx_hal_tim.o
                0x08000e34                HAL_TIM_PWM_MspInit
 .text.HAL_TIM_PWM_Start
                0x08000e48      0x160 build/stm32f4xx_hal_tim.o
                0x08000e48                HAL_TIM_PWM_Start
 .text.HAL_TIM_PWM_ConfigChannel
                0x08000fa8      0x184 build/stm32f4xx_hal_tim.o
                0x08000fa8                HAL_TIM_PWM_ConfigChannel
 .text.HAL_TIM_ConfigClockSource
                0x0800112c      0x18e build/stm32f4xx_hal_tim.o
                0x0800112c                HAL_TIM_ConfigClockSource
 *fill*         0x080012ba        0x2 
 .text.TIM_Base_SetConfig
                0x080012bc      0x100 build/stm32f4xx_hal_tim.o
                0x080012bc                TIM_Base_SetConfig
 .text.TIM_OC1_SetConfig
                0x080013bc       0xcc build/stm32f4xx_hal_tim.o
 .text.TIM_OC2_SetConfig
                0x08001488       0xd8 build/stm32f4xx_hal_tim.o
                0x08001488                TIM_OC2_SetConfig
 .text.TIM_OC3_SetConfig
                0x08001560       0xd4 build/stm32f4xx_hal_tim.o
 .text.TIM_OC4_SetConfig
                0x08001634       0xa0 build/stm32f4xx_hal_tim.o
 .text.TIM_TI1_ConfigInputStage
                0x080016d4       0x5e build/stm32f4xx_hal_tim.o
 .text.TIM_TI2_ConfigInputStage
                0x08001732       0x60 build/stm32f4xx_hal_tim.o
 .text.TIM_ITRx_SetConfig
                0x08001792       0x36 build/stm32f4xx_hal_tim.o
 .text.TIM_ETR_SetConfig
                0x080017c8       0x40 build/stm32f4xx_hal_tim.o
                0x080017c8                TIM_ETR_SetConfig
 .text.TIM_CCxChannelCmd
                0x08001808       0x4a build/stm32f4xx_hal_tim.o
                0x08001808                TIM_CCxChannelCmd
 *fill*         0x08001852        0x2 
 .text.HAL_TIMEx_MasterConfigSynchronization
                0x08001854       0xdc build/stm32f4xx_hal_tim_ex.o
                0x08001854                HAL_TIMEx_MasterConfigSynchronization
 .text.HAL_RCC_OscConfig
                0x08001930      0x4f0 build/stm32f4xx_hal_rcc.o
                0x08001930                HAL_RCC_OscConfig
 .text.HAL_RCC_ClockConfig
                0x08001e20      0x1cc build/stm32f4xx_hal_rcc.o
                0x08001e20                HAL_RCC_ClockConfig
 .text.HAL_RCC_GetSysClockFreq
                0x08001fec      0x18c build/stm32f4xx_hal_rcc.o
                0x08001fec                HAL_RCC_GetSysClockFreq
 .text.HAL_RCC_GetHCLKFreq
                0x08002178       0x18 build/stm32f4xx_hal_rcc.o
                0x08002178                HAL_RCC_GetHCLKFreq
 .text.HAL_GPIO_Init
                0x08002190      0x308 build/stm32f4xx_hal_gpio.o
                0x08002190                HAL_GPIO_Init
 .text.HAL_GPIO_WritePin
                0x08002498       0x32 build/stm32f4xx_hal_gpio.o
                0x08002498                HAL_GPIO_WritePin
 *fill*         0x080024ca        0x2 
 .text.__NVIC_SetPriorityGrouping
                0x080024cc       0x48 build/stm32f4xx_hal_cortex.o
 .text.__NVIC_GetPriorityGrouping
                0x08002514       0x1c build/stm32f4xx_hal_cortex.o
 .text.__NVIC_EnableIRQ
                0x08002530       0x3c build/stm32f4xx_hal_cortex.o
 .text.__NVIC_SetPriority
                0x0800256c       0x54 build/stm32f4xx_hal_cortex.o
 .text.NVIC_EncodePriority
                0x080025c0       0x66 build/stm32f4xx_hal_cortex.o
 *fill*         0x08002626        0x2 
 .text.SysTick_Config
                0x08002628       0x44 build/stm32f4xx_hal_cortex.o
 .text.HAL_NVIC_SetPriorityGrouping
                0x0800266c       0x16 build/stm32f4xx_hal_cortex.o
                0x0800266c                HAL_NVIC_SetPriorityGrouping
 .text.HAL_NVIC_SetPriority
                0x08002682       0x38 build/stm32f4xx_hal_cortex.o
                0x08002682                HAL_NVIC_SetPriority
 .text.HAL_NVIC_EnableIRQ
                0x080026ba       0x1c build/stm32f4xx_hal_cortex.o
                0x080026ba                HAL_NVIC_EnableIRQ
 .text.HAL_SYSTICK_Config
                0x080026d6       0x18 build/stm32f4xx_hal_cortex.o
                0x080026d6                HAL_SYSTICK_Config
 *fill*         0x080026ee        0x2 
 .text.HAL_Init
                0x080026f0       0x44 build/stm32f4xx_hal.o
                0x080026f0                HAL_Init
 .text.HAL_InitTick
                0x08002734       0x60 build/stm32f4xx_hal.o
                0x08002734                HAL_InitTick
 .text.HAL_IncTick
                0x08002794       0x28 build/stm32f4xx_hal.o
                0x08002794                HAL_IncTick
 .text.HAL_GetTick
                0x080027bc       0x18 build/stm32f4xx_hal.o
                0x080027bc                HAL_GetTick
 .text.HAL_Delay
                0x080027d4       0x48 build/stm32f4xx_hal.o
                0x080027d4                HAL_Delay
 .text.SystemInit
                0x0800281c       0x24 build/system_stm32f4xx.o
                0x0800281c                SystemInit
 .text.HAL_ADC_Init
                0x08002840       0x86 build/stm32f4xx_hal_adc.o
                0x08002840                HAL_ADC_Init
 *fill*         0x080028c6        0x2 
 .text.HAL_ADC_Start
                0x080028c8      0x168 build/stm32f4xx_hal_adc.o
                0x080028c8                HAL_ADC_Start
 .text.HAL_ADC_PollForConversion
                0x08002a30      0x116 build/stm32f4xx_hal_adc.o
                0x08002a30                HAL_ADC_PollForConversion
 .text.HAL_ADC_GetValue
                0x08002b46       0x1a build/stm32f4xx_hal_adc.o
                0x08002b46                HAL_ADC_GetValue
 .text.HAL_ADC_ConfigChannel
                0x08002b60      0x264 build/stm32f4xx_hal_adc.o
                0x08002b60                HAL_ADC_ConfigChannel
 .text.ADC_Init
                0x08002dc4      0x1f8 build/stm32f4xx_hal_adc.o
 .text._sbrk    0x08002fbc       0x6c build/sysmem.o
                0x08002fbc                _sbrk
 .text.MX_USB_DEVICE_Init
                0x08003028       0x60 build/usb_device.o
                0x08003028                MX_USB_DEVICE_Init
 .text.USBD_FS_DeviceDescriptor
                0x08003088       0x24 build/usbd_desc.o
                0x08003088                USBD_FS_DeviceDescriptor
 .text.USBD_FS_LangIDStrDescriptor
                0x080030ac       0x24 build/usbd_desc.o
                0x080030ac                USBD_FS_LangIDStrDescriptor
 .text.USBD_FS_ProductStrDescriptor
                0x080030d0       0x3c build/usbd_desc.o
                0x080030d0                USBD_FS_ProductStrDescriptor
 .text.USBD_FS_ManufacturerStrDescriptor
                0x0800310c       0x28 build/usbd_desc.o
                0x0800310c                USBD_FS_ManufacturerStrDescriptor
 .text.USBD_FS_SerialStrDescriptor
                0x08003134       0x24 build/usbd_desc.o
                0x08003134                USBD_FS_SerialStrDescriptor
 .text.USBD_FS_ConfigStrDescriptor
                0x08003158       0x3c build/usbd_desc.o
                0x08003158                USBD_FS_ConfigStrDescriptor
 .text.USBD_FS_InterfaceStrDescriptor
                0x08003194       0x3c build/usbd_desc.o
                0x08003194                USBD_FS_InterfaceStrDescriptor
 .text.Get_SerialNum
                0x080031d0       0x58 build/usbd_desc.o
 .text.IntToUnicode
                0x08003228       0x7e build/usbd_desc.o
 *fill*         0x080032a6        0x2 
 .text.CDC_Init_FS
                0x080032a8       0x28 build/usbd_cdc_if.o
 .text.CDC_DeInit_FS
                0x080032d0       0x10 build/usbd_cdc_if.o
 .text.CDC_Control_FS
                0x080032e0       0xbc build/usbd_cdc_if.o
 .text.CDC_Receive_FS
                0x0800339c       0x44 build/usbd_cdc_if.o
 .text.CDC_Transmit_FS
                0x080033e0       0x4c build/usbd_cdc_if.o
                0x080033e0                CDC_Transmit_FS
 .text.CDC_TransmitCplt_FS
                0x0800342c       0x22 build/usbd_cdc_if.o
 *fill*         0x0800344e        0x2 
 .text.HAL_PCD_MspInit
                0x08003450       0xa8 build/usbd_conf.o
                0x08003450                HAL_PCD_MspInit
 .text.HAL_PCD_SetupStageCallback
                0x080034f8       0x24 build/usbd_conf.o
                0x080034f8                HAL_PCD_SetupStageCallback
 .text.HAL_PCD_DataOutStageCallback
                0x0800351c       0x36 build/usbd_conf.o
                0x0800351c                HAL_PCD_DataOutStageCallback
 .text.HAL_PCD_DataInStageCallback
                0x08003552       0x34 build/usbd_conf.o
                0x08003552                HAL_PCD_DataInStageCallback
 .text.HAL_PCD_SOFCallback
                0x08003586       0x1c build/usbd_conf.o
                0x08003586                HAL_PCD_SOFCallback
 .text.HAL_PCD_ResetCallback
                0x080035a2       0x3c build/usbd_conf.o
                0x080035a2                HAL_PCD_ResetCallback
 *fill*         0x080035de        0x2 
 .text.HAL_PCD_SuspendCallback
                0x080035e0       0x4c build/usbd_conf.o
                0x080035e0                HAL_PCD_SuspendCallback
 .text.HAL_PCD_ResumeCallback
                0x0800362c       0x1c build/usbd_conf.o
                0x0800362c                HAL_PCD_ResumeCallback
 .text.HAL_PCD_ISOOUTIncompleteCallback
                0x08003648       0x24 build/usbd_conf.o
                0x08003648                HAL_PCD_ISOOUTIncompleteCallback
 .text.HAL_PCD_ISOINIncompleteCallback
                0x0800366c       0x24 build/usbd_conf.o
                0x0800366c                HAL_PCD_ISOINIncompleteCallback
 .text.HAL_PCD_ConnectCallback
                0x08003690       0x1c build/usbd_conf.o
                0x08003690                HAL_PCD_ConnectCallback
 .text.HAL_PCD_DisconnectCallback
                0x080036ac       0x1c build/usbd_conf.o
                0x080036ac                HAL_PCD_DisconnectCallback
 .text.USBD_LL_Init
                0x080036c8       0x98 build/usbd_conf.o
                0x080036c8                USBD_LL_Init
 .text.USBD_LL_Start
                0x08003760       0x36 build/usbd_conf.o
                0x08003760                USBD_LL_Start
 .text.USBD_LL_OpenEP
                0x08003796       0x4c build/usbd_conf.o
                0x08003796                USBD_LL_OpenEP
 .text.USBD_LL_CloseEP
                0x080037e2       0x3e build/usbd_conf.o
                0x080037e2                USBD_LL_CloseEP
 .text.USBD_LL_StallEP
                0x08003820       0x3e build/usbd_conf.o
                0x08003820                USBD_LL_StallEP
 .text.USBD_LL_ClearStallEP
                0x0800385e       0x3e build/usbd_conf.o
                0x0800385e                USBD_LL_ClearStallEP
 .text.USBD_LL_IsStallEP
                0x0800389c       0x58 build/usbd_conf.o
                0x0800389c                USBD_LL_IsStallEP
 .text.USBD_LL_SetUSBAddress
                0x080038f4       0x3e build/usbd_conf.o
                0x080038f4                USBD_LL_SetUSBAddress
 .text.USBD_LL_Transmit
                0x08003932       0x42 build/usbd_conf.o
                0x08003932                USBD_LL_Transmit
 .text.USBD_LL_PrepareReceive
                0x08003974       0x42 build/usbd_conf.o
                0x08003974                USBD_LL_PrepareReceive
 .text.USBD_LL_GetRxDataSize
                0x080039b6       0x26 build/usbd_conf.o
                0x080039b6                USBD_LL_GetRxDataSize
 .text.USBD_static_malloc
                0x080039dc       0x1c build/usbd_conf.o
                0x080039dc                USBD_static_malloc
 .text.USBD_static_free
                0x080039f8       0x14 build/usbd_conf.o
                0x080039f8                USBD_static_free
 .text.USBD_Get_USB_Status
                0x08003a0c       0x58 build/usbd_conf.o
                0x08003a0c                USBD_Get_USB_Status
 .text.HAL_PCD_Init
                0x08003a64      0x23a build/stm32f4xx_hal_pcd.o
                0x08003a64                HAL_PCD_Init
 .text.HAL_PCD_Start
                0x08003c9e       0x66 build/stm32f4xx_hal_pcd.o
                0x08003c9e                HAL_PCD_Start
 .text.HAL_PCD_IRQHandler
                0x08003d04      0x93e build/stm32f4xx_hal_pcd.o
                0x08003d04                HAL_PCD_IRQHandler
 .text.HAL_PCD_SetAddress
                0x08004642       0x4a build/stm32f4xx_hal_pcd.o
                0x08004642                HAL_PCD_SetAddress
 .text.HAL_PCD_EP_Open
                0x0800468c       0xd0 build/stm32f4xx_hal_pcd.o
                0x0800468c                HAL_PCD_EP_Open
 .text.HAL_PCD_EP_Close
                0x0800475c       0x94 build/stm32f4xx_hal_pcd.o
                0x0800475c                HAL_PCD_EP_Close
 .text.HAL_PCD_EP_Receive
                0x080047f0       0x96 build/stm32f4xx_hal_pcd.o
                0x080047f0                HAL_PCD_EP_Receive
 .text.HAL_PCD_EP_GetRxCount
                0x08004886       0x30 build/stm32f4xx_hal_pcd.o
                0x08004886                HAL_PCD_EP_GetRxCount
 .text.HAL_PCD_EP_Transmit
                0x080048b6       0x94 build/stm32f4xx_hal_pcd.o
                0x080048b6                HAL_PCD_EP_Transmit
 .text.HAL_PCD_EP_SetStall
                0x0800494a       0xc8 build/stm32f4xx_hal_pcd.o
                0x0800494a                HAL_PCD_EP_SetStall
 .text.HAL_PCD_EP_ClrStall
                0x08004a12       0xac build/stm32f4xx_hal_pcd.o
                0x08004a12                HAL_PCD_EP_ClrStall
 .text.HAL_PCD_EP_Abort
                0x08004abe       0x62 build/stm32f4xx_hal_pcd.o
                0x08004abe                HAL_PCD_EP_Abort
 .text.PCD_WriteEmptyTxFifo
                0x08004b20      0x11a build/stm32f4xx_hal_pcd.o
 *fill*         0x08004c3a        0x2 
 .text.PCD_EP_OutXfrComplete_int
                0x08004c3c      0x1d0 build/stm32f4xx_hal_pcd.o
 .text.PCD_EP_OutSetupPacket_int
                0x08004e0c       0x8c build/stm32f4xx_hal_pcd.o
 .text.HAL_PCDEx_SetTxFiFo
                0x08004e98       0x8e build/stm32f4xx_hal_pcd_ex.o
                0x08004e98                HAL_PCDEx_SetTxFiFo
 .text.HAL_PCDEx_SetRxFiFo
                0x08004f26       0x22 build/stm32f4xx_hal_pcd_ex.o
                0x08004f26                HAL_PCDEx_SetRxFiFo
 .text.HAL_PCDEx_LPM_Callback
                0x08004f48       0x18 build/stm32f4xx_hal_pcd_ex.o
                0x08004f48                HAL_PCDEx_LPM_Callback
 .text.USB_CoreInit
                0x08004f60       0xc2 build/stm32f4xx_ll_usb.o
                0x08004f60                USB_CoreInit
 *fill*         0x08005022        0x2 
 .text.USB_SetTurnaroundTime
                0x08005024      0x144 build/stm32f4xx_ll_usb.o
                0x08005024                USB_SetTurnaroundTime
 .text.USB_EnableGlobalInt
                0x08005168       0x22 build/stm32f4xx_ll_usb.o
                0x08005168                USB_EnableGlobalInt
 .text.USB_DisableGlobalInt
                0x0800518a       0x22 build/stm32f4xx_ll_usb.o
                0x0800518a                USB_DisableGlobalInt
 .text.USB_SetCurrentMode
                0x080051ac       0x98 build/stm32f4xx_ll_usb.o
                0x080051ac                USB_SetCurrentMode
 .text.USB_DevInit
                0x08005244      0x2c8 build/stm32f4xx_ll_usb.o
                0x08005244                USB_DevInit
 .text.USB_FlushTxFifo
                0x0800550c       0x68 build/stm32f4xx_ll_usb.o
                0x0800550c                USB_FlushTxFifo
 .text.USB_FlushRxFifo
                0x08005574       0x60 build/stm32f4xx_ll_usb.o
                0x08005574                USB_FlushRxFifo
 .text.USB_SetDevSpeed
                0x080055d4       0x32 build/stm32f4xx_ll_usb.o
                0x080055d4                USB_SetDevSpeed
 .text.USB_GetDevSpeed
                0x08005606       0x4a build/stm32f4xx_ll_usb.o
                0x08005606                USB_GetDevSpeed
 .text.USB_ActivateEndpoint
                0x08005650      0x10e build/stm32f4xx_ll_usb.o
                0x08005650                USB_ActivateEndpoint
 *fill*         0x0800575e        0x2 
 .text.USB_DeactivateEndpoint
                0x08005760      0x1b8 build/stm32f4xx_ll_usb.o
                0x08005760                USB_DeactivateEndpoint
 .text.USB_EPStartXfer
                0x08005918      0x490 build/stm32f4xx_ll_usb.o
                0x08005918                USB_EPStartXfer
 .text.USB_EP0StartXfer
                0x08005da8      0x2b0 build/stm32f4xx_ll_usb.o
                0x08005da8                USB_EP0StartXfer
 .text.USB_EPStopXfer
                0x08006058      0x154 build/stm32f4xx_ll_usb.o
                0x08006058                USB_EPStopXfer
 .text.USB_WritePacket
                0x080061ac       0x7c build/stm32f4xx_ll_usb.o
                0x080061ac                USB_WritePacket
 .text.USB_ReadPacket
                0x08006228       0xb0 build/stm32f4xx_ll_usb.o
                0x08006228                USB_ReadPacket
 .text.USB_EPSetStall
                0x080062d8       0xdc build/stm32f4xx_ll_usb.o
                0x080062d8                USB_EPSetStall
 .text.USB_EPClearStall
                0x080063b4       0xcc build/stm32f4xx_ll_usb.o
                0x080063b4                USB_EPClearStall
 .text.USB_SetDevAddress
                0x08006480       0x4c build/stm32f4xx_ll_usb.o
                0x08006480                USB_SetDevAddress
 .text.USB_DevConnect
                0x080064cc       0x42 build/stm32f4xx_ll_usb.o
                0x080064cc                USB_DevConnect
 .text.USB_DevDisconnect
                0x0800650e       0x42 build/stm32f4xx_ll_usb.o
                0x0800650e                USB_DevDisconnect
 .text.USB_ReadInterrupts
                0x08006550       0x26 build/stm32f4xx_ll_usb.o
                0x08006550                USB_ReadInterrupts
 .text.USB_ReadDevAllOutEpInterrupt
                0x08006576       0x34 build/stm32f4xx_ll_usb.o
                0x08006576                USB_ReadDevAllOutEpInterrupt
 .text.USB_ReadDevAllInEpInterrupt
                0x080065aa       0x34 build/stm32f4xx_ll_usb.o
                0x080065aa                USB_ReadDevAllInEpInterrupt
 .text.USB_ReadDevOutEPInterrupt
                0x080065de       0x3c build/stm32f4xx_ll_usb.o
                0x080065de                USB_ReadDevOutEPInterrupt
 .text.USB_ReadDevInEPInterrupt
                0x0800661a       0x5c build/stm32f4xx_ll_usb.o
                0x0800661a                USB_ReadDevInEPInterrupt
 .text.USB_GetMode
                0x08006676       0x1c build/stm32f4xx_ll_usb.o
                0x08006676                USB_GetMode
 .text.USB_ActivateSetup
                0x08006692       0x46 build/stm32f4xx_ll_usb.o
                0x08006692                USB_ActivateSetup
 .text.USB_EP0_OutStart
                0x080066d8       0xbc build/stm32f4xx_ll_usb.o
                0x080066d8                USB_EP0_OutStart
 .text.USB_CoreReset
                0x08006794       0x68 build/stm32f4xx_ll_usb.o
 .text.USBD_Init
                0x080067fc       0x60 build/usbd_core.o
                0x080067fc                USBD_Init
 .text.USBD_RegisterClass
                0x0800685c       0x6c build/usbd_core.o
                0x0800685c                USBD_RegisterClass
 .text.USBD_Start
                0x080068c8       0x18 build/usbd_core.o
                0x080068c8                USBD_Start
 .text.USBD_RunTestMode
                0x080068e0       0x16 build/usbd_core.o
                0x080068e0                USBD_RunTestMode
 .text.USBD_SetClassConfig
                0x080068f6       0x38 build/usbd_core.o
                0x080068f6                USBD_SetClassConfig
 .text.USBD_ClrClassConfig
                0x0800692e       0x34 build/usbd_core.o
                0x0800692e                USBD_ClrClassConfig
 .text.USBD_LL_SetupStage
                0x08006962       0xaa build/usbd_core.o
                0x08006962                USBD_LL_SetupStage
 .text.USBD_LL_DataOutStage
                0x08006a0c      0x166 build/usbd_core.o
                0x08006a0c                USBD_LL_DataOutStage
 .text.USBD_LL_DataInStage
                0x08006b72      0x164 build/usbd_core.o
                0x08006b72                USBD_LL_DataInStage
 .text.USBD_LL_Reset
                0x08006cd6       0xa4 build/usbd_core.o
                0x08006cd6                USBD_LL_Reset
 .text.USBD_LL_SetSpeed
                0x08006d7a       0x20 build/usbd_core.o
                0x08006d7a                USBD_LL_SetSpeed
 .text.USBD_LL_Suspend
                0x08006d9a       0x2c build/usbd_core.o
                0x08006d9a                USBD_LL_Suspend
 .text.USBD_LL_Resume
                0x08006dc6       0x30 build/usbd_core.o
                0x08006dc6                USBD_LL_Resume
 .text.USBD_LL_SOF
                0x08006df6       0x40 build/usbd_core.o
                0x08006df6                USBD_LL_SOF
 .text.USBD_LL_IsoINIncomplete
                0x08006e36       0x64 build/usbd_core.o
                0x08006e36                USBD_LL_IsoINIncomplete
 .text.USBD_LL_IsoOUTIncomplete
                0x08006e9a       0x64 build/usbd_core.o
                0x08006e9a                USBD_LL_IsoOUTIncomplete
 .text.USBD_LL_DevConnected
                0x08006efe       0x16 build/usbd_core.o
                0x08006efe                USBD_LL_DevConnected
 .text.USBD_LL_DevDisconnected
                0x08006f14       0x46 build/usbd_core.o
                0x08006f14                USBD_LL_DevDisconnected
 .text.USBD_CoreFindIF
                0x08006f5a       0x1a build/usbd_core.o
                0x08006f5a                USBD_CoreFindIF
 .text.USBD_CoreFindEP
                0x08006f74       0x1a build/usbd_core.o
                0x08006f74                USBD_CoreFindEP
 .text.USBD_GetEpDesc
                0x08006f8e       0x74 build/usbd_core.o
                0x08006f8e                USBD_GetEpDesc
 .text.USBD_GetNextDesc
                0x08007002       0x3a build/usbd_core.o
                0x08007002                USBD_GetNextDesc
 .text.SWAPBYTE
                0x0800703c       0x3c build/usbd_ctlreq.o
 .text.USBD_StdDevReq
                0x08007078       0xe4 build/usbd_ctlreq.o
                0x08007078                USBD_StdDevReq
 .text.USBD_StdItfReq
                0x0800715c       0xd8 build/usbd_ctlreq.o
                0x0800715c                USBD_StdItfReq
 .text.USBD_StdEPReq
                0x08007234      0x33a build/usbd_ctlreq.o
                0x08007234                USBD_StdEPReq
 *fill*         0x0800756e        0x2 
 .text.USBD_GetDescriptor
                0x08007570      0x2d4 build/usbd_ctlreq.o
 .text.USBD_SetAddress
                0x08007844       0x88 build/usbd_ctlreq.o
 .text.USBD_SetConfig
                0x080078cc      0x154 build/usbd_ctlreq.o
 .text.USBD_GetConfig
                0x08007a20       0x6c build/usbd_ctlreq.o
 .text.USBD_GetStatus
                0x08007a8c       0x68 build/usbd_ctlreq.o
 .text.USBD_SetFeature
                0x08007af4       0x52 build/usbd_ctlreq.o
 .text.USBD_ClrFeature
                0x08007b46       0x44 build/usbd_ctlreq.o
 .text.USBD_ParseSetupRequest
                0x08007b8a       0x74 build/usbd_ctlreq.o
                0x08007b8a                USBD_ParseSetupRequest
 .text.USBD_CtlError
                0x08007bfe       0x22 build/usbd_ctlreq.o
                0x08007bfe                USBD_CtlError
 .text.USBD_GetString
                0x08007c20       0x8c build/usbd_ctlreq.o
                0x08007c20                USBD_GetString
 .text.USBD_GetLen
                0x08007cac       0x34 build/usbd_ctlreq.o
 .text.USBD_CtlSendData
                0x08007ce0       0x36 build/usbd_ioreq.o
                0x08007ce0                USBD_CtlSendData
 .text.USBD_CtlContinueSendData
                0x08007d16       0x22 build/usbd_ioreq.o
                0x08007d16                USBD_CtlContinueSendData
 .text.USBD_CtlPrepareRx
                0x08007d38       0x3a build/usbd_ioreq.o
                0x08007d38                USBD_CtlPrepareRx
 .text.USBD_CtlContinueRx
                0x08007d72       0x22 build/usbd_ioreq.o
                0x08007d72                USBD_CtlContinueRx
 .text.USBD_CtlSendStatus
                0x08007d94       0x26 build/usbd_ioreq.o
                0x08007d94                USBD_CtlSendStatus
 .text.USBD_CtlReceiveStatus
                0x08007dba       0x26 build/usbd_ioreq.o
                0x08007dba                USBD_CtlReceiveStatus
 .text.USBD_CDC_Init
                0x08007de0      0x1f0 build/usbd_cdc.o
 .text.USBD_CDC_DeInit
                0x08007fd0      0x104 build/usbd_cdc.o
 .text.USBD_CDC_Setup
                0x080080d4      0x1b8 build/usbd_cdc.o
 .text.USBD_CDC_DataIn
                0x0800828c       0xfe build/usbd_cdc.o
 .text.USBD_CDC_DataOut
                0x0800838a       0x70 build/usbd_cdc.o
 .text.USBD_CDC_EP0_RxReady
                0x080083fa       0x76 build/usbd_cdc.o
 .text.USBD_CDC_GetFSCfgDesc
                0x08008470       0x70 build/usbd_cdc.o
 .text.USBD_CDC_GetHSCfgDesc
                0x080084e0       0x70 build/usbd_cdc.o
 .text.USBD_CDC_GetOtherSpeedCfgDesc
                0x08008550       0x70 build/usbd_cdc.o
 .text.USBD_CDC_GetDeviceQualifierDescriptor
                0x080085c0       0x20 build/usbd_cdc.o
                0x080085c0                USBD_CDC_GetDeviceQualifierDescriptor
 .text.USBD_CDC_RegisterInterface
                0x080085e0       0x34 build/usbd_cdc.o
                0x080085e0                USBD_CDC_RegisterInterface
 .text.USBD_CDC_SetTxBuffer
                0x08008614       0x44 build/usbd_cdc.o
                0x08008614                USBD_CDC_SetTxBuffer
 .text.USBD_CDC_SetRxBuffer
                0x08008658       0x3a build/usbd_cdc.o
                0x08008658                USBD_CDC_SetRxBuffer
 *fill*         0x08008692        0x2 
 .text.USBD_CDC_TransmitPacket
                0x08008694       0x8c build/usbd_cdc.o
                0x08008694                USBD_CDC_TransmitPacket
 .text.USBD_CDC_ReceivePacket
                0x08008720       0x6c build/usbd_cdc.o
                0x08008720                USBD_CDC_ReceivePacket
 .text.Reset_Handler
                0x0800878c       0x50 build/startup_stm32f411xe.o
                0x0800878c                Reset_Handler
 .text.Default_Handler
                0x080087dc        0x2 build/startup_stm32f411xe.o
                0x080087dc                RTC_Alarm_IRQHandler
                0x080087dc                EXTI2_IRQHandler
                0x080087dc                SPI4_IRQHandler
                0x080087dc                TIM1_CC_IRQHandler
                0x080087dc                DMA2_Stream5_IRQHandler
                0x080087dc                DMA1_Stream5_IRQHandler
                0x080087dc                PVD_IRQHandler
                0x080087dc                SDIO_IRQHandler
                0x080087dc                TAMP_STAMP_IRQHandler
                0x080087dc                EXTI3_IRQHandler
                0x080087dc                TIM1_UP_TIM10_IRQHandler
                0x080087dc                I2C3_ER_IRQHandler
                0x080087dc                EXTI0_IRQHandler
                0x080087dc                I2C2_EV_IRQHandler
                0x080087dc                DMA1_Stream2_IRQHandler
                0x080087dc                FPU_IRQHandler
                0x080087dc                DMA2_Stream2_IRQHandler
                0x080087dc                SPI1_IRQHandler
                0x080087dc                TIM1_BRK_TIM9_IRQHandler
                0x080087dc                DMA2_Stream3_IRQHandler
                0x080087dc                USART6_IRQHandler
                0x080087dc                DMA2_Stream0_IRQHandler
                0x080087dc                TIM4_IRQHandler
                0x080087dc                I2C1_EV_IRQHandler
                0x080087dc                DMA1_Stream6_IRQHandler
                0x080087dc                DMA1_Stream1_IRQHandler
                0x080087dc                TIM3_IRQHandler
                0x080087dc                RCC_IRQHandler
                0x080087dc                Default_Handler
                0x080087dc                EXTI15_10_IRQHandler
                0x080087dc                ADC_IRQHandler
                0x080087dc                DMA1_Stream7_IRQHandler
                0x080087dc                SPI5_IRQHandler
                0x080087dc                TIM5_IRQHandler
                0x080087dc                DMA2_Stream7_IRQHandler
                0x080087dc                I2C3_EV_IRQHandler
                0x080087dc                EXTI9_5_IRQHandler
                0x080087dc                RTC_WKUP_IRQHandler
                0x080087dc                SPI2_IRQHandler
                0x080087dc                DMA1_Stream0_IRQHandler
                0x080087dc                EXTI4_IRQHandler
                0x080087dc                WWDG_IRQHandler
                0x080087dc                TIM2_IRQHandler
                0x080087dc                OTG_FS_WKUP_IRQHandler
                0x080087dc                TIM1_TRG_COM_TIM11_IRQHandler
                0x080087dc                EXTI1_IRQHandler
                0x080087dc                USART2_IRQHandler
                0x080087dc                I2C2_ER_IRQHandler
                0x080087dc                DMA2_Stream1_IRQHandler
                0x080087dc                FLASH_IRQHandler
                0x080087dc                DMA2_Stream4_IRQHandler
                0x080087dc                USART1_IRQHandler
                0x080087dc                SPI3_IRQHandler
                0x080087dc                DMA1_Stream4_IRQHandler
                0x080087dc                I2C1_ER_IRQHandler
                0x080087dc                DMA2_Stream6_IRQHandler
                0x080087dc                DMA1_Stream3_IRQHandler
 *fill*         0x080087de        0x2 
 .text.sprintf  0x080087e0       0x40 c:/arm-gcc/tools/tools/arm-gnu-toolchain-11.3.rel1-mingw-w64-i686-arm-none-eabi/bin/../lib/gcc/arm-none-eabi/11.3.1/thumb/v7e-m+fp/hard\libc_nano.a(libc_a-sprintf.o)
                0x080087e0                siprintf
                0x080087e0                sprintf
 .text.memset   0x08008820       0x10 c:/arm-gcc/tools/tools/arm-gnu-toolchain-11.3.rel1-mingw-w64-i686-arm-none-eabi/bin/../lib/gcc/arm-none-eabi/11.3.1/thumb/v7e-m+fp/hard\libc_nano.a(libc_a-memset.o)
                0x08008820                memset
 .text.__errno  0x08008830        0xc c:/arm-gcc/tools/tools/arm-gnu-toolchain-11.3.rel1-mingw-w64-i686-arm-none-eabi/bin/../lib/gcc/arm-none-eabi/11.3.1/thumb/v7e-m+fp/hard\libc_nano.a(libc_a-errno.o)
                0x08008830                __errno
 .text.__libc_init_array
                0x0800883c       0x48 c:/arm-gcc/tools/tools/arm-gnu-toolchain-11.3.rel1-mingw-w64-i686-arm-none-eabi/bin/../lib/gcc/arm-none-eabi/11.3.1/thumb/v7e-m+fp/hard\libc_nano.a(libc_a-init.o)
                0x0800883c                __libc_init_array
 .text.__retarget_lock_acquire_recursive
                0x08008884        0x2 c:/arm-gcc/tools/tools/arm-gnu-toolchain-11.3.rel1-mingw-w64-i686-arm-none-eabi/bin/../lib/gcc/arm-none-eabi/11.3.1/thumb/v7e-m+fp/hard\libc_nano.a(libc_a-lock.o)
                0x08008884                __retarget_lock_acquire_recursive
 .text.__retarget_lock_release_recursive
                0x08008886        0x2 c:/arm-gcc/tools/tools/arm-gnu-toolchain-11.3.rel1-mingw-w64-i686-arm-none-eabi/bin/../lib/gcc/arm-none-eabi/11.3.1/thumb/v7e-m+fp/hard\libc_nano.a(libc_a-lock.o)
                0x08008886                __retarget_lock_release_recursive
 .text.memcpy   0x08008888       0x1c c:/arm-gcc/tools/tools/arm-gnu-toolchain-11.3.rel1-mingw-w64-i686-arm-none-eabi/bin/../lib/gcc/arm-none-eabi/11.3.1/thumb/v7e-m+fp/hard\libc_nano.a(libc_a-memcpy-stub.o)
                0x08008888                memcpy
 .text._free_r  0x080088a4       0x98 c:/arm-gcc/tools/tools/arm-gnu-toolchain-11.3.rel1-mingw-w64-i686-arm-none-eabi/bin/../lib/gcc/arm-none-eabi/11.3.1/thumb/v7e-m+fp/hard\libc_nano.a(libc_a-freer.o)
                0x080088a4                _free_r
 .text.sbrk_aligned
                0x0800893c       0x40 c:/arm-gcc/tools/tools/arm-gnu-toolchain-11.3.rel1-mingw-w64-i686-arm-none-eabi/bin/../lib/gcc/arm-none-eabi/11.3.1/thumb/v7e-m+fp/hard\libc_nano.a(libc_a-mallocr.o)
 .text._malloc_r
                0x0800897c       0xec c:/arm-gcc/tools/tools/arm-gnu-toolchain-11.3.rel1-mingw-w64-i686-arm-none-eabi/bin/../lib/gcc/arm-none-eabi/11.3.1/thumb/v7e-m+fp/hard\libc_nano.a(libc_a-mallocr.o)
                0x0800897c                _malloc_r
 .text.__malloc_lock
                0x08008a68        0xc c:/arm-gcc/tools/tools/arm-gnu-toolchain-11.3.rel1-mingw-w64-i686-arm-none-eabi/bin/../lib/gcc/arm-none-eabi/11.3.1/thumb/v7e-m+fp/hard\libc_nano.a(libc_a-mlock.o)
                0x08008a68                __malloc_lock
 .text.__malloc_unlock
                0x08008a74        0xc c:/arm-gcc/tools/tools/arm-gnu-toolchain-11.3.rel1-mingw-w64-i686-arm-none-eabi/bin/../lib/gcc/arm-none-eabi/11.3.1/thumb/v7e-m+fp/hard\libc_nano.a(libc_a-mlock.o)
                0x08008a74                __malloc_unlock
 .text.__ssputs_r
                0x08008a80       0xb4 c:/arm-gcc/tools/tools/arm-gnu-toolchain-11.3.rel1-mingw-w64-i686-arm-none-eabi/bin/../lib/gcc/arm-none-eabi/11.3.1/thumb/v7e-m+fp/hard\libc_nano.a(libc_a-nano-svfprintf.o)
                0x08008a80                __ssputs_r
 .text._svfprintf_r
                0x08008b34      0x1fc c:/arm-gcc/tools/tools/arm-gnu-toolchain-11.3.rel1-mingw-w64-i686-arm-none-eabi/bin/../lib/gcc/arm-none-eabi/11.3.1/thumb/v7e-m+fp/hard\libc_nano.a(libc_a-nano-svfprintf.o)
                0x08008b34                _svfiprintf_r
                0x08008b34                _svfprintf_r
 .text._printf_common
                0x08008d30       0xda c:/arm-gcc/tools/tools/arm-gnu-toolchain-11.3.rel1-mingw-w64-i686-arm-none-eabi/bin/../lib/gcc/arm-none-eabi/11.3.1/thumb/v7e-m+fp/hard\libc_nano.a(libc_a-nano-vfprintf_i.o)
                0x08008d30                _printf_common
 *fill*         0x08008e0a        0x2 
 .text._printf_i
                0x08008e0c      0x244 c:/arm-gcc/tools/tools/arm-gnu-toolchain-11.3.rel1-mingw-w64-i686-arm-none-eabi/bin/../lib/gcc/arm-none-eabi/11.3.1/thumb/v7e-m+fp/hard\libc_nano.a(libc_a-nano-vfprintf_i.o)
                0x08008e0c                _printf_i
 .text.memmove  0x08009050       0x34 c:/arm-gcc/tools/tools/arm-gnu-toolchain-11.3.rel1-mingw-w64-i686-arm-none-eabi/bin/../lib/gcc/arm-none-eabi/11.3.1/thumb/v7e-m+fp/hard\libc_nano.a(libc_a-memmove.o)
                0x08009050                memmove
 .text._sbrk_r  0x08009084       0x20 c:/arm-gcc/tools/tools/arm-gnu-toolchain-11.3.rel1-mingw-w64-i686-arm-none-eabi/bin/../lib/gcc/arm-none-eabi/11.3.1/thumb/v7e-m+fp/hard\libc_nano.a(libc_a-sbrkr.o)
                0x08009084                _sbrk_r
 .text._realloc_r
                0x080090a4       0x5e c:/arm-gcc/tools/tools/arm-gnu-toolchain-11.3.rel1-mingw-w64-i686-arm-none-eabi/bin/../lib/gcc/arm-none-eabi/11.3.1/thumb/v7e-m+fp/hard\libc_nano.a(libc_a-reallocr.o)
                0x080090a4                _realloc_r
 .text._malloc_usable_size_r
                0x08009102       0x10 c:/arm-gcc/tools/tools/arm-gnu-toolchain-11.3.rel1-mingw-w64-i686-arm-none-eabi/bin/../lib/gcc/arm-none-eabi/11.3.1/thumb/v7e-m+fp/hard\libc_nano.a(libc_a-msizer.o)
                0x08009102                _malloc_usable_size_r
 *fill*         0x08009112        0x2 
 .text.__udivmoddi4
                0x08009114      0x2c8 c:/arm-gcc/tools/tools/arm-gnu-toolchain-11.3.rel1-mingw-w64-i686-arm-none-eabi/bin/../lib/gcc/arm-none-eabi/11.3.1/thumb/v7e-m+fp/hard\libgcc.a(_udivmoddi4.o)
                0x08009114                __udivmoddi4
 *(.glue_7)
 .glue_7        0x080093dc        0x0 linker stubs
 *(.glue_7t)
 .glue_7t       0x080093dc        0x0 linker stubs
 *(.eh_frame)
 .eh_frame      0x080093dc        0x0 c:/arm-gcc/tools/tools/arm-gnu-toolchain-11.3.rel1-mingw-w64-i686-arm-none-eabi/bin/../lib/gcc/arm-none-eabi/11.3.1/thumb/v7e-m+fp/hard/crtbegin.o
 *(.init)
 .init          0x080093dc        0x4 c:/arm-gcc/tools/tools/arm-gnu-toolchain-11.3.rel1-mingw-w64-i686-arm-none-eabi/bin/../lib/gcc/arm-none-eabi/11.3.1/thumb/v7e-m+fp/hard/crti.o
                0x080093dc                _init
 .init          0x080093e0        0x8 c:/arm-gcc/tools/tools/arm-gnu-toolchain-11.3.rel1-mingw-w64-i686-arm-none-eabi/bin/../lib/gcc/arm-none-eabi/11.3.1/thumb/v7e-m+fp/hard/crtn.o
 *(.fini)
 .fini          0x080093e8        0x4 c:/arm-gcc/tools/tools/arm-gnu-toolchain-11.3.rel1-mingw-w64-i686-arm-none-eabi/bin/../lib/gcc/arm-none-eabi/11.3.1/thumb/v7e-m+fp/hard/crti.o
                0x080093e8                _fini
 .fini          0x080093ec        0x8 c:/arm-gcc/tools/tools/arm-gnu-toolchain-11.3.rel1-mingw-w64-i686-arm-none-eabi/bin/../lib/gcc/arm-none-eabi/11.3.1/thumb/v7e-m+fp/hard/crtn.o
                0x080093f4                . = ALIGN (0x4)
                0x080093f4                _etext = .

.vfp11_veneer   0x080093f4        0x0
 .vfp11_veneer  0x080093f4        0x0 linker stubs

.v4_bx          0x080093f4        0x0
 .v4_bx         0x080093f4        0x0 linker stubs

.iplt           0x080093f4        0x0
 .iplt          0x080093f4        0x0 c:/arm-gcc/tools/tools/arm-gnu-toolchain-11.3.rel1-mingw-w64-i686-arm-none-eabi/bin/../lib/gcc/arm-none-eabi/11.3.1/thumb/v7e-m+fp/hard/crtbegin.o

.rodata         0x080093f4       0xe4
                0x080093f4                . = ALIGN (0x4)
 *(.rodata)
 .rodata        0x080093f4       0x56 build/main.o
 *fill*         0x0800944a        0x2 
 .rodata        0x0800944c       0x46 build/usbd_desc.o
 *(.rodata*)
 *fill*         0x08009492        0x2 
 .rodata.AHBPrescTable
                0x08009494       0x10 build/system_stm32f4xx.o
                0x08009494                AHBPrescTable
 .rodata._svfprintf_r.str1.1
                0x080094a4       0x11 c:/arm-gcc/tools/tools/arm-gnu-toolchain-11.3.rel1-mingw-w64-i686-arm-none-eabi/bin/../lib/gcc/arm-none-eabi/11.3.1/thumb/v7e-m+fp/hard\libc_nano.a(libc_a-nano-svfprintf.o)
 .rodata._printf_i.str1.1
                0x080094b5       0x22 c:/arm-gcc/tools/tools/arm-gnu-toolchain-11.3.rel1-mingw-w64-i686-arm-none-eabi/bin/../lib/gcc/arm-none-eabi/11.3.1/thumb/v7e-m+fp/hard\libc_nano.a(libc_a-nano-vfprintf_i.o)
                0x080094d8                . = ALIGN (0x4)
 *fill*         0x080094d7        0x1 

.ARM.extab
 *(.ARM.extab* .gnu.linkonce.armextab.*)

.ARM            0x080094d8        0x8
                0x080094d8                __exidx_start = .
 *(.ARM.exidx*)
 .ARM.exidx.text.__udivmoddi4
                0x080094d8        0x8 c:/arm-gcc/tools/tools/arm-gnu-toolchain-11.3.rel1-mingw-w64-i686-arm-none-eabi/bin/../lib/gcc/arm-none-eabi/11.3.1/thumb/v7e-m+fp/hard\libgcc.a(_udivmoddi4.o)
                0x080094e0                __exidx_end = .

.rel.dyn        0x080094e0        0x0
 .rel.iplt      0x080094e0        0x0 c:/arm-gcc/tools/tools/arm-gnu-toolchain-11.3.rel1-mingw-w64-i686-arm-none-eabi/bin/../lib/gcc/arm-none-eabi/11.3.1/thumb/v7e-m+fp/hard/crtbegin.o

.preinit_array  0x080094e0        0x0
                0x080094e0                PROVIDE (__preinit_array_start = .)
 *(.preinit_array*)
                0x080094e0                PROVIDE (__preinit_array_end = .)

.init_array     0x080094e0        0x4
                0x080094e0                PROVIDE (__init_array_start = .)
 *(SORT_BY_NAME(.init_array.*))
 *(.init_array*)
 .init_array    0x080094e0        0x4 c:/arm-gcc/tools/tools/arm-gnu-toolchain-11.3.rel1-mingw-w64-i686-arm-none-eabi/bin/../lib/gcc/arm-none-eabi/11.3.1/thumb/v7e-m+fp/hard/crtbegin.o
                0x080094e4                PROVIDE (__init_array_end = .)

.fini_array     0x080094e4        0x4
                [!provide]                PROVIDE (__fini_array_start = .)
 *(SORT_BY_NAME(.fini_array.*))
 *(.fini_array*)
 .fini_array    0x080094e4        0x4 c:/arm-gcc/tools/tools/arm-gnu-toolchain-11.3.rel1-mingw-w64-i686-arm-none-eabi/bin/../lib/gcc/arm-none-eabi/11.3.1/thumb/v7e-m+fp/hard/crtbegin.o
                [!provide]                PROVIDE (__fini_array_end = .)
                0x080094e8                _sidata = LOADADDR (.data)

.data           0x20000000      0x14c load address 0x080094e8
                0x20000000                . = ALIGN (0x4)
                0x20000000                _sdata = .
 *(.data)
 *(.data*)
 .data.uwTickPrio
                0x20000000        0x4 build/stm32f4xx_hal.o
                0x20000000                uwTickPrio
 .data.uwTickFreq
                0x20000004        0x1 build/stm32f4xx_hal.o
                0x20000004                uwTickFreq
 *fill*         0x20000005        0x3 
 .data.SystemCoreClock
                0x20000008        0x4 build/system_stm32f4xx.o
                0x20000008                SystemCoreClock
 .data.FS_Desc  0x2000000c       0x1c build/usbd_desc.o
                0x2000000c                FS_Desc
 .data.USBD_FS_DeviceDesc
                0x20000028       0x12 build/usbd_desc.o
                0x20000028                USBD_FS_DeviceDesc
 *fill*         0x2000003a        0x2 
 .data.USBD_LangIDDesc
                0x2000003c        0x4 build/usbd_desc.o
                0x2000003c                USBD_LangIDDesc
 .data.USBD_StringSerial
                0x20000040       0x1a build/usbd_desc.o
                0x20000040                USBD_StringSerial
 *fill*         0x2000005a        0x2 
 .data.USBD_Interface_fops_FS
                0x2000005c       0x14 build/usbd_cdc_if.o
                0x2000005c                USBD_Interface_fops_FS
 .data.USBD_CDC_DeviceQualifierDesc
                0x20000070        0xa build/usbd_cdc.o
 *fill*         0x2000007a        0x2 
 .data.USBD_CDC
                0x2000007c       0x38 build/usbd_cdc.o
                0x2000007c                USBD_CDC
 .data.USBD_CDC_CfgDesc
                0x200000b4       0x43 build/usbd_cdc.o
 .data.CDCInEpAdd
                0x200000f7        0x1 build/usbd_cdc.o
 .data.CDCOutEpAdd
                0x200000f8        0x1 build/usbd_cdc.o
 .data.CDCCmdEpAdd
                0x200000f9        0x1 build/usbd_cdc.o
 *fill*         0x200000fa        0x2 
 .data._impure_data
                0x200000fc       0x4c c:/arm-gcc/tools/tools/arm-gnu-toolchain-11.3.rel1-mingw-w64-i686-arm-none-eabi/bin/../lib/gcc/arm-none-eabi/11.3.1/thumb/v7e-m+fp/hard\libc_nano.a(libc_a-impure.o)
                0x200000fc                _impure_data
 .data._impure_ptr
                0x20000148        0x4 c:/arm-gcc/tools/tools/arm-gnu-toolchain-11.3.rel1-mingw-w64-i686-arm-none-eabi/bin/../lib/gcc/arm-none-eabi/11.3.1/thumb/v7e-m+fp/hard\libc_nano.a(libc_a-impure.o)
                0x20000148                _impure_ptr
                0x2000014c                . = ALIGN (0x4)
                0x2000014c                _edata = .

.tm_clone_table
                0x2000014c        0x0 load address 0x08009634
 .tm_clone_table
                0x2000014c        0x0 c:/arm-gcc/tools/tools/arm-gnu-toolchain-11.3.rel1-mingw-w64-i686-arm-none-eabi/bin/../lib/gcc/arm-none-eabi/11.3.1/thumb/v7e-m+fp/hard/crtbegin.o
 .tm_clone_table
                0x2000014c        0x0 c:/arm-gcc/tools/tools/arm-gnu-toolchain-11.3.rel1-mingw-w64-i686-arm-none-eabi/bin/../lib/gcc/arm-none-eabi/11.3.1/thumb/v7e-m+fp/hard/crtend.o

.igot.plt       0x2000014c        0x0 load address 0x08009634
 .igot.plt      0x2000014c        0x0 c:/arm-gcc/tools/tools/arm-gnu-toolchain-11.3.rel1-mingw-w64-i686-arm-none-eabi/bin/../lib/gcc/arm-none-eabi/11.3.1/thumb/v7e-m+fp/hard/crtbegin.o
                0x2000014c                . = ALIGN (0x4)

.bss            0x2000014c     0x1f08 load address 0x08009634
                0x2000014c                _sbss = .
                0x2000014c                __bss_start__ = _sbss
 *(.bss)
 *(.bss*)
 .bss.completed.1
                0x2000014c        0x1 c:/arm-gcc/tools/tools/arm-gnu-toolchain-11.3.rel1-mingw-w64-i686-arm-none-eabi/bin/../lib/gcc/arm-none-eabi/11.3.1/thumb/v7e-m+fp/hard/crtbegin.o
 *fill*         0x2000014d        0x3 
 .bss.object.0  0x20000150       0x18 c:/arm-gcc/tools/tools/arm-gnu-toolchain-11.3.rel1-mingw-w64-i686-arm-none-eabi/bin/../lib/gcc/arm-none-eabi/11.3.1/thumb/v7e-m+fp/hard/crtbegin.o
 .bss.hadc1     0x20000168       0x48 build/main.o
                0x20000168                hadc1
 .bss.htim4     0x200001b0       0x48 build/main.o
                0x200001b0                htim4
 .bss.gUSBRxBuffer
                0x200001f8       0xff build/main.o
                0x200001f8                gUSBRxBuffer
 *fill*         0x200002f7        0x1 
 .bss.uwTick    0x200002f8        0x4 build/stm32f4xx_hal.o
                0x200002f8                uwTick
 .bss.__sbrk_heap_end
                0x200002fc        0x4 build/sysmem.o
 .bss.hUsbDeviceFS
                0x20000300      0x2dc build/usb_device.o
                0x20000300                hUsbDeviceFS
 .bss.USBD_StrDesc
                0x200005dc      0x200 build/usbd_desc.o
                0x200005dc                USBD_StrDesc
 .bss.UserRxBufferFS
                0x200007dc      0x800 build/usbd_cdc_if.o
                0x200007dc                UserRxBufferFS
 .bss.UserTxBufferFS
                0x20000fdc      0x800 build/usbd_cdc_if.o
                0x20000fdc                UserTxBufferFS
 .bss.hpcd_USB_OTG_FS
                0x200017dc      0x50c build/usbd_conf.o
                0x200017dc                hpcd_USB_OTG_FS
 .bss.mem.0     0x20001ce8      0x220 build/usbd_conf.o
 .bss.cfgidx.0  0x20001f08        0x1 build/usbd_ctlreq.o
 *fill*         0x20001f09        0x3 
 .bss.__sf      0x20001f0c      0x138 c:/arm-gcc/tools/tools/arm-gnu-toolchain-11.3.rel1-mingw-w64-i686-arm-none-eabi/bin/../lib/gcc/arm-none-eabi/11.3.1/thumb/v7e-m+fp/hard\libc_nano.a(libc_a-findfp.o)
                0x20001f0c                __sf
 .bss.errno     0x20002044        0x4 c:/arm-gcc/tools/tools/arm-gnu-toolchain-11.3.rel1-mingw-w64-i686-arm-none-eabi/bin/../lib/gcc/arm-none-eabi/11.3.1/thumb/v7e-m+fp/hard\libc_nano.a(libc_a-reent.o)
                0x20002044                errno
 .bss.__lock___malloc_recursive_mutex
                0x20002048        0x1 c:/arm-gcc/tools/tools/arm-gnu-toolchain-11.3.rel1-mingw-w64-i686-arm-none-eabi/bin/../lib/gcc/arm-none-eabi/11.3.1/thumb/v7e-m+fp/hard\libc_nano.a(libc_a-lock.o)
                0x20002048                __lock___malloc_recursive_mutex
 *fill*         0x20002049        0x3 
 .bss.__malloc_free_list
                0x2000204c        0x4 c:/arm-gcc/tools/tools/arm-gnu-toolchain-11.3.rel1-mingw-w64-i686-arm-none-eabi/bin/../lib/gcc/arm-none-eabi/11.3.1/thumb/v7e-m+fp/hard\libc_nano.a(libc_a-mallocr.o)
                0x2000204c                __malloc_free_list
 .bss.__malloc_sbrk_start
                0x20002050        0x4 c:/arm-gcc/tools/tools/arm-gnu-toolchain-11.3.rel1-mingw-w64-i686-arm-none-eabi/bin/../lib/gcc/arm-none-eabi/11.3.1/thumb/v7e-m+fp/hard\libc_nano.a(libc_a-mallocr.o)
                0x20002050                __malloc_sbrk_start
 *(COMMON)
                0x20002054                . = ALIGN (0x4)
                0x20002054                _ebss = .
                0x20002054                __bss_end__ = _ebss

._user_heap_stack
                0x20002054      0x604 load address 0x08009634
                0x20002058                . = ALIGN (0x8)
 *fill*         0x20002054        0x4 
                [!provide]                PROVIDE (end = .)
                0x20002058                PROVIDE (_end = .)
                0x20002258                . = (. + _Min_Heap_Size)
 *fill*         0x20002058      0x200 
                0x20002658                . = (. + _Min_Stack_Size)
 *fill*         0x20002258      0x400 
                0x20002658                . = ALIGN (0x8)

/DISCARD/
 libc.a(*)
 libm.a(*)
 libgcc.a(*)

.ARM.attributes
                0x00000000       0x30
 *(.ARM.attributes)
 .ARM.attributes
                0x00000000       0x1e c:/arm-gcc/tools/tools/arm-gnu-toolchain-11.3.rel1-mingw-w64-i686-arm-none-eabi/bin/../lib/gcc/arm-none-eabi/11.3.1/thumb/v7e-m+fp/hard/crti.o
 .ARM.attributes
                0x0000001e       0x34 c:/arm-gcc/tools/tools/arm-gnu-toolchain-11.3.rel1-mingw-w64-i686-arm-none-eabi/bin/../lib/gcc/arm-none-eabi/11.3.1/thumb/v7e-m+fp/hard/crtbegin.o
 .ARM.attributes
                0x00000052       0x34 build/main.o
 .ARM.attributes
                0x00000086       0x34 build/stm32f4xx_it.o
 .ARM.attributes
                0x000000ba       0x34 build/stm32f4xx_hal_msp.o
 .ARM.attributes
                0x000000ee       0x34 build/stm32f4xx_hal_tim.o
 .ARM.attributes
                0x00000122       0x34 build/stm32f4xx_hal_tim_ex.o
 .ARM.attributes
                0x00000156       0x34 build/stm32f4xx_hal_rcc.o
 .ARM.attributes
                0x0000018a       0x34 build/stm32f4xx_hal_gpio.o
 .ARM.attributes
                0x000001be       0x34 build/stm32f4xx_hal_cortex.o
 .ARM.attributes
                0x000001f2       0x34 build/stm32f4xx_hal.o
 .ARM.attributes
                0x00000226       0x34 build/system_stm32f4xx.o
 .ARM.attributes
                0x0000025a       0x34 build/stm32f4xx_hal_adc.o
 .ARM.attributes
                0x0000028e       0x34 build/sysmem.o
 .ARM.attributes
                0x000002c2       0x34 build/usb_device.o
 .ARM.attributes
                0x000002f6       0x34 build/usbd_desc.o
 .ARM.attributes
                0x0000032a       0x34 build/usbd_cdc_if.o
 .ARM.attributes
                0x0000035e       0x34 build/usbd_conf.o
 .ARM.attributes
                0x00000392       0x34 build/stm32f4xx_hal_pcd.o
 .ARM.attributes
                0x000003c6       0x34 build/stm32f4xx_hal_pcd_ex.o
 .ARM.attributes
                0x000003fa       0x34 build/stm32f4xx_ll_usb.o
 .ARM.attributes
                0x0000042e       0x34 build/usbd_core.o
 .ARM.attributes
                0x00000462       0x34 build/usbd_ctlreq.o
 .ARM.attributes
                0x00000496       0x34 build/usbd_ioreq.o
 .ARM.attributes
                0x000004ca       0x34 build/usbd_cdc.o
 .ARM.attributes
                0x000004fe       0x21 build/startup_stm32f411xe.o
 .ARM.attributes
                0x0000051f       0x34 c:/arm-gcc/tools/tools/arm-gnu-toolchain-11.3.rel1-mingw-w64-i686-arm-none-eabi/bin/../lib/gcc/arm-none-eabi/11.3.1/thumb/v7e-m+fp/hard\libc_nano.a(libc_a-findfp.o)
 .ARM.attributes
                0x00000553       0x34 c:/arm-gcc/tools/tools/arm-gnu-toolchain-11.3.rel1-mingw-w64-i686-arm-none-eabi/bin/../lib/gcc/arm-none-eabi/11.3.1/thumb/v7e-m+fp/hard\libc_nano.a(libc_a-sprintf.o)
 .ARM.attributes
                0x00000587       0x34 c:/arm-gcc/tools/tools/arm-gnu-toolchain-11.3.rel1-mingw-w64-i686-arm-none-eabi/bin/../lib/gcc/arm-none-eabi/11.3.1/thumb/v7e-m+fp/hard\libc_nano.a(libc_a-memset.o)
 .ARM.attributes
                0x000005bb       0x34 c:/arm-gcc/tools/tools/arm-gnu-toolchain-11.3.rel1-mingw-w64-i686-arm-none-eabi/bin/../lib/gcc/arm-none-eabi/11.3.1/thumb/v7e-m+fp/hard\libc_nano.a(libc_a-reent.o)
 .ARM.attributes
                0x000005ef       0x34 c:/arm-gcc/tools/tools/arm-gnu-toolchain-11.3.rel1-mingw-w64-i686-arm-none-eabi/bin/../lib/gcc/arm-none-eabi/11.3.1/thumb/v7e-m+fp/hard\libc_nano.a(libc_a-impure.o)
 .ARM.attributes
                0x00000623       0x34 c:/arm-gcc/tools/tools/arm-gnu-toolchain-11.3.rel1-mingw-w64-i686-arm-none-eabi/bin/../lib/gcc/arm-none-eabi/11.3.1/thumb/v7e-m+fp/hard\libc_nano.a(libc_a-errno.o)
 .ARM.attributes
                0x00000657       0x34 c:/arm-gcc/tools/tools/arm-gnu-toolchain-11.3.rel1-mingw-w64-i686-arm-none-eabi/bin/../lib/gcc/arm-none-eabi/11.3.1/thumb/v7e-m+fp/hard\libc_nano.a(libc_a-init.o)
 .ARM.attributes
                0x0000068b       0x34 c:/arm-gcc/tools/tools/arm-gnu-toolchain-11.3.rel1-mingw-w64-i686-arm-none-eabi/bin/../lib/gcc/arm-none-eabi/11.3.1/thumb/v7e-m+fp/hard\libc_nano.a(libc_a-lock.o)
 .ARM.attributes
                0x000006bf       0x34 c:/arm-gcc/tools/tools/arm-gnu-toolchain-11.3.rel1-mingw-w64-i686-arm-none-eabi/bin/../lib/gcc/arm-none-eabi/11.3.1/thumb/v7e-m+fp/hard\libc_nano.a(libc_a-memcpy-stub.o)
 .ARM.attributes
                0x000006f3       0x17 c:/arm-gcc/tools/tools/arm-gnu-toolchain-11.3.rel1-mingw-w64-i686-arm-none-eabi/bin/../lib/gcc/arm-none-eabi/11.3.1/thumb/v7e-m+fp/hard\libc_nano.a(libc_a-strlen.o)
 .ARM.attributes
                0x0000070a       0x34 c:/arm-gcc/tools/tools/arm-gnu-toolchain-11.3.rel1-mingw-w64-i686-arm-none-eabi/bin/../lib/gcc/arm-none-eabi/11.3.1/thumb/v7e-m+fp/hard\libc_nano.a(libc_a-freer.o)
 .ARM.attributes
                0x0000073e       0x34 c:/arm-gcc/tools/tools/arm-gnu-toolchain-11.3.rel1-mingw-w64-i686-arm-none-eabi/bin/../lib/gcc/arm-none-eabi/11.3.1/thumb/v7e-m+fp/hard\libc_nano.a(libc_a-mallocr.o)
 .ARM.attributes
                0x00000772       0x34 c:/arm-gcc/tools/tools/arm-gnu-toolchain-11.3.rel1-mingw-w64-i686-arm-none-eabi/bin/../lib/gcc/arm-none-eabi/11.3.1/thumb/v7e-m+fp/hard\libc_nano.a(libc_a-mlock.o)
 .ARM.attributes
                0x000007a6       0x34 c:/arm-gcc/tools/tools/arm-gnu-toolchain-11.3.rel1-mingw-w64-i686-arm-none-eabi/bin/../lib/gcc/arm-none-eabi/11.3.1/thumb/v7e-m+fp/hard\libc_nano.a(libc_a-nano-svfprintf.o)
 .ARM.attributes
                0x000007da       0x34 c:/arm-gcc/tools/tools/arm-gnu-toolchain-11.3.rel1-mingw-w64-i686-arm-none-eabi/bin/../lib/gcc/arm-none-eabi/11.3.1/thumb/v7e-m+fp/hard\libc_nano.a(libc_a-nano-vfprintf_i.o)
 .ARM.attributes
                0x0000080e       0x34 c:/arm-gcc/tools/tools/arm-gnu-toolchain-11.3.rel1-mingw-w64-i686-arm-none-eabi/bin/../lib/gcc/arm-none-eabi/11.3.1/thumb/v7e-m+fp/hard\libc_nano.a(libc_a-memmove.o)
 .ARM.attributes
                0x00000842       0x34 c:/arm-gcc/tools/tools/arm-gnu-toolchain-11.3.rel1-mingw-w64-i686-arm-none-eabi/bin/../lib/gcc/arm-none-eabi/11.3.1/thumb/v7e-m+fp/hard\libc_nano.a(libc_a-sbrkr.o)
 .ARM.attributes
                0x00000876       0x1c c:/arm-gcc/tools/tools/arm-gnu-toolchain-11.3.rel1-mingw-w64-i686-arm-none-eabi/bin/../lib/gcc/arm-none-eabi/11.3.1/thumb/v7e-m+fp/hard\libc_nano.a(libc_a-memchr.o)
 .ARM.attributes
                0x00000892       0x34 c:/arm-gcc/tools/tools/arm-gnu-toolchain-11.3.rel1-mingw-w64-i686-arm-none-eabi/bin/../lib/gcc/arm-none-eabi/11.3.1/thumb/v7e-m+fp/hard\libc_nano.a(libc_a-reallocr.o)
 .ARM.attributes
                0x000008c6       0x34 c:/arm-gcc/tools/tools/arm-gnu-toolchain-11.3.rel1-mingw-w64-i686-arm-none-eabi/bin/../lib/gcc/arm-none-eabi/11.3.1/thumb/v7e-m+fp/hard\libc_nano.a(libc_a-msizer.o)
 .ARM.attributes
                0x000008fa       0x1e c:/arm-gcc/tools/tools/arm-gnu-toolchain-11.3.rel1-mingw-w64-i686-arm-none-eabi/bin/../lib/gcc/arm-none-eabi/11.3.1/thumb/v7e-m+fp/hard\libgcc.a(_aeabi_uldivmod.o)
 .ARM.attributes
                0x00000918       0x34 c:/arm-gcc/tools/tools/arm-gnu-toolchain-11.3.rel1-mingw-w64-i686-arm-none-eabi/bin/../lib/gcc/arm-none-eabi/11.3.1/thumb/v7e-m+fp/hard\libgcc.a(_udivmoddi4.o)
 .ARM.attributes
                0x0000094c       0x1e c:/arm-gcc/tools/tools/arm-gnu-toolchain-11.3.rel1-mingw-w64-i686-arm-none-eabi/bin/../lib/gcc/arm-none-eabi/11.3.1/thumb/v7e-m+fp/hard\libgcc.a(_dvmd_tls.o)
 .ARM.attributes
                0x0000096a       0x34 c:/arm-gcc/tools/tools/arm-gnu-toolchain-11.3.rel1-mingw-w64-i686-arm-none-eabi/bin/../lib/gcc/arm-none-eabi/11.3.1/thumb/v7e-m+fp/hard/crtend.o
 .ARM.attributes
                0x0000099e       0x1e c:/arm-gcc/tools/tools/arm-gnu-toolchain-11.3.rel1-mingw-w64-i686-arm-none-eabi/bin/../lib/gcc/arm-none-eabi/11.3.1/thumb/v7e-m+fp/hard/crtn.o
OUTPUT(build/helloblackpillSTM32F411CEUx.elf elf32-littlearm)
LOAD linker stubs
LOAD c:/arm-gcc/tools/tools/arm-gnu-toolchain-11.3.rel1-mingw-w64-i686-arm-none-eabi/bin/../lib/gcc/arm-none-eabi/11.3.1/thumb/v7e-m+fp/hard\libc.a
LOAD c:/arm-gcc/tools/tools/arm-gnu-toolchain-11.3.rel1-mingw-w64-i686-arm-none-eabi/bin/../lib/gcc/arm-none-eabi/11.3.1/thumb/v7e-m+fp/hard\libm.a
LOAD c:/arm-gcc/tools/tools/arm-gnu-toolchain-11.3.rel1-mingw-w64-i686-arm-none-eabi/bin/../lib/gcc/arm-none-eabi/11.3.1/thumb/v7e-m+fp/hard\libgcc.a

.comment        0x00000000       0x33
 .comment       0x00000000       0x33 c:/arm-gcc/tools/tools/arm-gnu-toolchain-11.3.rel1-mingw-w64-i686-arm-none-eabi/bin/../lib/gcc/arm-none-eabi/11.3.1/thumb/v7e-m+fp/hard/crtbegin.o
                                 0x34 (size before relaxing)
 .comment       0x00000033       0x34 build/main.o
 .comment       0x00000033       0x34 build/stm32f4xx_it.o
 .comment       0x00000033       0x34 build/stm32f4xx_hal_msp.o
 .comment       0x00000033       0x34 build/stm32f4xx_hal_tim.o
 .comment       0x00000033       0x34 build/stm32f4xx_hal_tim_ex.o
 .comment       0x00000033       0x34 build/stm32f4xx_hal_rcc.o
 .comment       0x00000033       0x34 build/stm32f4xx_hal_gpio.o
 .comment       0x00000033       0x34 build/stm32f4xx_hal_cortex.o
 .comment       0x00000033       0x34 build/stm32f4xx_hal.o
 .comment       0x00000033       0x34 build/system_stm32f4xx.o
 .comment       0x00000033       0x34 build/stm32f4xx_hal_adc.o
 .comment       0x00000033       0x34 build/sysmem.o
 .comment       0x00000033       0x34 build/usb_device.o
 .comment       0x00000033       0x34 build/usbd_desc.o
 .comment       0x00000033       0x34 build/usbd_cdc_if.o
 .comment       0x00000033       0x34 build/usbd_conf.o
 .comment       0x00000033       0x34 build/stm32f4xx_hal_pcd.o
 .comment       0x00000033       0x34 build/stm32f4xx_hal_pcd_ex.o
 .comment       0x00000033       0x34 build/stm32f4xx_ll_usb.o
 .comment       0x00000033       0x34 build/usbd_core.o
 .comment       0x00000033       0x34 build/usbd_ctlreq.o
 .comment       0x00000033       0x34 build/usbd_ioreq.o
 .comment       0x00000033       0x34 build/usbd_cdc.o
 .comment       0x00000033       0x34 c:/arm-gcc/tools/tools/arm-gnu-toolchain-11.3.rel1-mingw-w64-i686-arm-none-eabi/bin/../lib/gcc/arm-none-eabi/11.3.1/thumb/v7e-m+fp/hard\libc_nano.a(libc_a-findfp.o)
 .comment       0x00000033       0x34 c:/arm-gcc/tools/tools/arm-gnu-toolchain-11.3.rel1-mingw-w64-i686-arm-none-eabi/bin/../lib/gcc/arm-none-eabi/11.3.1/thumb/v7e-m+fp/hard\libc_nano.a(libc_a-sprintf.o)
 .comment       0x00000033       0x34 c:/arm-gcc/tools/tools/arm-gnu-toolchain-11.3.rel1-mingw-w64-i686-arm-none-eabi/bin/../lib/gcc/arm-none-eabi/11.3.1/thumb/v7e-m+fp/hard\libc_nano.a(libc_a-memset.o)
 .comment       0x00000033       0x34 c:/arm-gcc/tools/tools/arm-gnu-toolchain-11.3.rel1-mingw-w64-i686-arm-none-eabi/bin/../lib/gcc/arm-none-eabi/11.3.1/thumb/v7e-m+fp/hard\libc_nano.a(libc_a-reent.o)
 .comment       0x00000033       0x34 c:/arm-gcc/tools/tools/arm-gnu-toolchain-11.3.rel1-mingw-w64-i686-arm-none-eabi/bin/../lib/gcc/arm-none-eabi/11.3.1/thumb/v7e-m+fp/hard\libc_nano.a(libc_a-impure.o)
 .comment       0x00000033       0x34 c:/arm-gcc/tools/tools/arm-gnu-toolchain-11.3.rel1-mingw-w64-i686-arm-none-eabi/bin/../lib/gcc/arm-none-eabi/11.3.1/thumb/v7e-m+fp/hard\libc_nano.a(libc_a-errno.o)
 .comment       0x00000033       0x34 c:/arm-gcc/tools/tools/arm-gnu-toolchain-11.3.rel1-mingw-w64-i686-arm-none-eabi/bin/../lib/gcc/arm-none-eabi/11.3.1/thumb/v7e-m+fp/hard\libc_nano.a(libc_a-init.o)
 .comment       0x00000033       0x34 c:/arm-gcc/tools/tools/arm-gnu-toolchain-11.3.rel1-mingw-w64-i686-arm-none-eabi/bin/../lib/gcc/arm-none-eabi/11.3.1/thumb/v7e-m+fp/hard\libc_nano.a(libc_a-lock.o)
 .comment       0x00000033       0x34 c:/arm-gcc/tools/tools/arm-gnu-toolchain-11.3.rel1-mingw-w64-i686-arm-none-eabi/bin/../lib/gcc/arm-none-eabi/11.3.1/thumb/v7e-m+fp/hard\libc_nano.a(libc_a-memcpy-stub.o)
 .comment       0x00000033       0x34 c:/arm-gcc/tools/tools/arm-gnu-toolchain-11.3.rel1-mingw-w64-i686-arm-none-eabi/bin/../lib/gcc/arm-none-eabi/11.3.1/thumb/v7e-m+fp/hard\libc_nano.a(libc_a-freer.o)
 .comment       0x00000033       0x34 c:/arm-gcc/tools/tools/arm-gnu-toolchain-11.3.rel1-mingw-w64-i686-arm-none-eabi/bin/../lib/gcc/arm-none-eabi/11.3.1/thumb/v7e-m+fp/hard\libc_nano.a(libc_a-mallocr.o)
 .comment       0x00000033       0x34 c:/arm-gcc/tools/tools/arm-gnu-toolchain-11.3.rel1-mingw-w64-i686-arm-none-eabi/bin/../lib/gcc/arm-none-eabi/11.3.1/thumb/v7e-m+fp/hard\libc_nano.a(libc_a-mlock.o)
 .comment       0x00000033       0x34 c:/arm-gcc/tools/tools/arm-gnu-toolchain-11.3.rel1-mingw-w64-i686-arm-none-eabi/bin/../lib/gcc/arm-none-eabi/11.3.1/thumb/v7e-m+fp/hard\libc_nano.a(libc_a-nano-svfprintf.o)
 .comment       0x00000033       0x34 c:/arm-gcc/tools/tools/arm-gnu-toolchain-11.3.rel1-mingw-w64-i686-arm-none-eabi/bin/../lib/gcc/arm-none-eabi/11.3.1/thumb/v7e-m+fp/hard\libc_nano.a(libc_a-nano-vfprintf_i.o)
 .comment       0x00000033       0x34 c:/arm-gcc/tools/tools/arm-gnu-toolchain-11.3.rel1-mingw-w64-i686-arm-none-eabi/bin/../lib/gcc/arm-none-eabi/11.3.1/thumb/v7e-m+fp/hard\libc_nano.a(libc_a-memmove.o)
 .comment       0x00000033       0x34 c:/arm-gcc/tools/tools/arm-gnu-toolchain-11.3.rel1-mingw-w64-i686-arm-none-eabi/bin/../lib/gcc/arm-none-eabi/11.3.1/thumb/v7e-m+fp/hard\libc_nano.a(libc_a-sbrkr.o)
 .comment       0x00000033       0x34 c:/arm-gcc/tools/tools/arm-gnu-toolchain-11.3.rel1-mingw-w64-i686-arm-none-eabi/bin/../lib/gcc/arm-none-eabi/11.3.1/thumb/v7e-m+fp/hard\libc_nano.a(libc_a-reallocr.o)
 .comment       0x00000033       0x34 c:/arm-gcc/tools/tools/arm-gnu-toolchain-11.3.rel1-mingw-w64-i686-arm-none-eabi/bin/../lib/gcc/arm-none-eabi/11.3.1/thumb/v7e-m+fp/hard\libc_nano.a(libc_a-msizer.o)
 .comment       0x00000033       0x34 c:/arm-gcc/tools/tools/arm-gnu-toolchain-11.3.rel1-mingw-w64-i686-arm-none-eabi/bin/../lib/gcc/arm-none-eabi/11.3.1/thumb/v7e-m+fp/hard\libgcc.a(_udivmoddi4.o)
 .comment       0x00000033       0x34 c:/arm-gcc/tools/tools/arm-gnu-toolchain-11.3.rel1-mingw-w64-i686-arm-none-eabi/bin/../lib/gcc/arm-none-eabi/11.3.1/thumb/v7e-m+fp/hard/crtend.o

.debug_info     0x00000000    0x1ec3e
 .debug_info    0x00000000     0x158e build/main.o
 .debug_info    0x0000158e      0x702 build/stm32f4xx_it.o
 .debug_info    0x00001c90      0xf0c build/stm32f4xx_hal_msp.o
 .debug_info    0x00002b9c     0x2eeb build/stm32f4xx_hal_tim.o
 .debug_info    0x00005a87     0x177e build/stm32f4xx_hal_tim_ex.o
 .debug_info    0x00007205      0xa7a build/stm32f4xx_hal_rcc.o
 .debug_info    0x00007c7f      0x82c build/stm32f4xx_hal_gpio.o
 .debug_info    0x000084ab      0xe9c build/stm32f4xx_hal_cortex.o
 .debug_info    0x00009347      0xa07 build/stm32f4xx_hal.o
 .debug_info    0x00009d4e      0x5ce build/system_stm32f4xx.o
 .debug_info    0x0000a31c      0xe9d build/stm32f4xx_hal_adc.o
 .debug_info    0x0000b1b9      0x17f build/sysmem.o
 .debug_info    0x0000b338      0x80e build/usb_device.o
 .debug_info    0x0000bb46      0x4db build/usbd_desc.o
 .debug_info    0x0000c021      0xaac build/usbd_cdc_if.o
 .debug_info    0x0000cacd     0x1f3b build/usbd_conf.o
 .debug_info    0x0000ea08     0x1879 build/stm32f4xx_hal_pcd.o
 .debug_info    0x00010281      0x7a3 build/stm32f4xx_hal_pcd_ex.o
 .debug_info    0x00010a24     0x1c77 build/stm32f4xx_ll_usb.o
 .debug_info    0x0001269b     0x1029 build/usbd_core.o
 .debug_info    0x000136c4      0xc5a build/usbd_ctlreq.o
 .debug_info    0x0001431e      0x881 build/usbd_ioreq.o
 .debug_info    0x00014b9f     0x1493 build/usbd_cdc.o
 .debug_info    0x00016032       0x22 build/startup_stm32f411xe.o
 .debug_info    0x00016054      0xf8f c:/arm-gcc/tools/tools/arm-gnu-toolchain-11.3.rel1-mingw-w64-i686-arm-none-eabi/bin/../lib/gcc/arm-none-eabi/11.3.1/thumb/v7e-m+fp/hard\libc_nano.a(libc_a-findfp.o)
 .debug_info    0x00016fe3      0x87e c:/arm-gcc/tools/tools/arm-gnu-toolchain-11.3.rel1-mingw-w64-i686-arm-none-eabi/bin/../lib/gcc/arm-none-eabi/11.3.1/thumb/v7e-m+fp/hard\libc_nano.a(libc_a-sprintf.o)
 .debug_info    0x00017861       0xe0 c:/arm-gcc/tools/tools/arm-gnu-toolchain-11.3.rel1-mingw-w64-i686-arm-none-eabi/bin/../lib/gcc/arm-none-eabi/11.3.1/thumb/v7e-m+fp/hard\libc_nano.a(libc_a-memset.o)
 .debug_info    0x00017941      0x858 c:/arm-gcc/tools/tools/arm-gnu-toolchain-11.3.rel1-mingw-w64-i686-arm-none-eabi/bin/../lib/gcc/arm-none-eabi/11.3.1/thumb/v7e-m+fp/hard\libc_nano.a(libc_a-reent.o)
 .debug_info    0x00018199      0x714 c:/arm-gcc/tools/tools/arm-gnu-toolchain-11.3.rel1-mingw-w64-i686-arm-none-eabi/bin/../lib/gcc/arm-none-eabi/11.3.1/thumb/v7e-m+fp/hard\libc_nano.a(libc_a-impure.o)
 .debug_info    0x000188ad      0x6fa c:/arm-gcc/tools/tools/arm-gnu-toolchain-11.3.rel1-mingw-w64-i686-arm-none-eabi/bin/../lib/gcc/arm-none-eabi/11.3.1/thumb/v7e-m+fp/hard\libc_nano.a(libc_a-errno.o)
 .debug_info    0x00018fa7      0x10b c:/arm-gcc/tools/tools/arm-gnu-toolchain-11.3.rel1-mingw-w64-i686-arm-none-eabi/bin/../lib/gcc/arm-none-eabi/11.3.1/thumb/v7e-m+fp/hard\libc_nano.a(libc_a-init.o)
 .debug_info    0x000190b2      0x20a c:/arm-gcc/tools/tools/arm-gnu-toolchain-11.3.rel1-mingw-w64-i686-arm-none-eabi/bin/../lib/gcc/arm-none-eabi/11.3.1/thumb/v7e-m+fp/hard\libc_nano.a(libc_a-lock.o)
 .debug_info    0x000192bc      0x121 c:/arm-gcc/tools/tools/arm-gnu-toolchain-11.3.rel1-mingw-w64-i686-arm-none-eabi/bin/../lib/gcc/arm-none-eabi/11.3.1/thumb/v7e-m+fp/hard\libc_nano.a(libc_a-memcpy-stub.o)
 .debug_info    0x000193dd       0x24 c:/arm-gcc/tools/tools/arm-gnu-toolchain-11.3.rel1-mingw-w64-i686-arm-none-eabi/bin/../lib/gcc/arm-none-eabi/11.3.1/thumb/v7e-m+fp/hard\libc_nano.a(libc_a-strlen.o)
 .debug_info    0x00019401      0x845 c:/arm-gcc/tools/tools/arm-gnu-toolchain-11.3.rel1-mingw-w64-i686-arm-none-eabi/bin/../lib/gcc/arm-none-eabi/11.3.1/thumb/v7e-m+fp/hard\libc_nano.a(libc_a-freer.o)
 .debug_info    0x00019c46      0x9bb c:/arm-gcc/tools/tools/arm-gnu-toolchain-11.3.rel1-mingw-w64-i686-arm-none-eabi/bin/../lib/gcc/arm-none-eabi/11.3.1/thumb/v7e-m+fp/hard\libc_nano.a(libc_a-mallocr.o)
 .debug_info    0x0001a601      0x76a c:/arm-gcc/tools/tools/arm-gnu-toolchain-11.3.rel1-mingw-w64-i686-arm-none-eabi/bin/../lib/gcc/arm-none-eabi/11.3.1/thumb/v7e-m+fp/hard\libc_nano.a(libc_a-mlock.o)
 .debug_info    0x0001ad6b     0x10c1 c:/arm-gcc/tools/tools/arm-gnu-toolchain-11.3.rel1-mingw-w64-i686-arm-none-eabi/bin/../lib/gcc/arm-none-eabi/11.3.1/thumb/v7e-m+fp/hard\libc_nano.a(libc_a-nano-svfprintf.o)
 .debug_info    0x0001be2c      0xddf c:/arm-gcc/tools/tools/arm-gnu-toolchain-11.3.rel1-mingw-w64-i686-arm-none-eabi/bin/../lib/gcc/arm-none-eabi/11.3.1/thumb/v7e-m+fp/hard\libc_nano.a(libc_a-nano-vfprintf_i.o)
 .debug_info    0x0001cc0b      0x10f c:/arm-gcc/tools/tools/arm-gnu-toolchain-11.3.rel1-mingw-w64-i686-arm-none-eabi/bin/../lib/gcc/arm-none-eabi/11.3.1/thumb/v7e-m+fp/hard\libc_nano.a(libc_a-memmove.o)
 .debug_info    0x0001cd1a      0x77b c:/arm-gcc/tools/tools/arm-gnu-toolchain-11.3.rel1-mingw-w64-i686-arm-none-eabi/bin/../lib/gcc/arm-none-eabi/11.3.1/thumb/v7e-m+fp/hard\libc_nano.a(libc_a-sbrkr.o)
 .debug_info    0x0001d495       0x25 c:/arm-gcc/tools/tools/arm-gnu-toolchain-11.3.rel1-mingw-w64-i686-arm-none-eabi/bin/../lib/gcc/arm-none-eabi/11.3.1/thumb/v7e-m+fp/hard\libc_nano.a(libc_a-memchr.o)
 .debug_info    0x0001d4ba      0x8c6 c:/arm-gcc/tools/tools/arm-gnu-toolchain-11.3.rel1-mingw-w64-i686-arm-none-eabi/bin/../lib/gcc/arm-none-eabi/11.3.1/thumb/v7e-m+fp/hard\libc_nano.a(libc_a-reallocr.o)
 .debug_info    0x0001dd80      0x793 c:/arm-gcc/tools/tools/arm-gnu-toolchain-11.3.rel1-mingw-w64-i686-arm-none-eabi/bin/../lib/gcc/arm-none-eabi/11.3.1/thumb/v7e-m+fp/hard\libc_nano.a(libc_a-msizer.o)
 .debug_info    0x0001e513       0x24 c:/arm-gcc/tools/tools/arm-gnu-toolchain-11.3.rel1-mingw-w64-i686-arm-none-eabi/bin/../lib/gcc/arm-none-eabi/11.3.1/thumb/v7e-m+fp/hard\libgcc.a(_aeabi_uldivmod.o)
 .debug_info    0x0001e537      0x6e3 c:/arm-gcc/tools/tools/arm-gnu-toolchain-11.3.rel1-mingw-w64-i686-arm-none-eabi/bin/../lib/gcc/arm-none-eabi/11.3.1/thumb/v7e-m+fp/hard\libgcc.a(_udivmoddi4.o)
 .debug_info    0x0001ec1a       0x24 c:/arm-gcc/tools/tools/arm-gnu-toolchain-11.3.rel1-mingw-w64-i686-arm-none-eabi/bin/../lib/gcc/arm-none-eabi/11.3.1/thumb/v7e-m+fp/hard\libgcc.a(_dvmd_tls.o)

.debug_abbrev   0x00000000     0x5245
 .debug_abbrev  0x00000000      0x288 build/main.o
 .debug_abbrev  0x00000288      0x176 build/stm32f4xx_it.o
 .debug_abbrev  0x000003fe      0x1c2 build/stm32f4xx_hal_msp.o
 .debug_abbrev  0x000005c0      0x26d build/stm32f4xx_hal_tim.o
 .debug_abbrev  0x0000082d      0x275 build/stm32f4xx_hal_tim_ex.o
 .debug_abbrev  0x00000aa2      0x2a9 build/stm32f4xx_hal_rcc.o
 .debug_abbrev  0x00000d4b      0x1c3 build/stm32f4xx_hal_gpio.o
 .debug_abbrev  0x00000f0e      0x2f3 build/stm32f4xx_hal_cortex.o
 .debug_abbrev  0x00001201      0x23d build/stm32f4xx_hal.o
 .debug_abbrev  0x0000143e      0x115 build/system_stm32f4xx.o
 .debug_abbrev  0x00001553      0x203 build/stm32f4xx_hal_adc.o
 .debug_abbrev  0x00001756       0xba build/sysmem.o
 .debug_abbrev  0x00001810      0x178 build/usb_device.o
 .debug_abbrev  0x00001988      0x1d9 build/usbd_desc.o
 .debug_abbrev  0x00001b61      0x272 build/usbd_cdc_if.o
 .debug_abbrev  0x00001dd3      0x308 build/usbd_conf.o
 .debug_abbrev  0x000020db      0x298 build/stm32f4xx_hal_pcd.o
 .debug_abbrev  0x00002373      0x1ab build/stm32f4xx_hal_pcd_ex.o
 .debug_abbrev  0x0000251e      0x284 build/stm32f4xx_ll_usb.o
 .debug_abbrev  0x000027a2      0x251 build/usbd_core.o
 .debug_abbrev  0x000029f3      0x24a build/usbd_ctlreq.o
 .debug_abbrev  0x00002c3d      0x178 build/usbd_ioreq.o
 .debug_abbrev  0x00002db5      0x29b build/usbd_cdc.o
 .debug_abbrev  0x00003050       0x12 build/startup_stm32f411xe.o
 .debug_abbrev  0x00003062      0x40c c:/arm-gcc/tools/tools/arm-gnu-toolchain-11.3.rel1-mingw-w64-i686-arm-none-eabi/bin/../lib/gcc/arm-none-eabi/11.3.1/thumb/v7e-m+fp/hard\libc_nano.a(libc_a-findfp.o)
 .debug_abbrev  0x0000346e      0x21c c:/arm-gcc/tools/tools/arm-gnu-toolchain-11.3.rel1-mingw-w64-i686-arm-none-eabi/bin/../lib/gcc/arm-none-eabi/11.3.1/thumb/v7e-m+fp/hard\libc_nano.a(libc_a-sprintf.o)
 .debug_abbrev  0x0000368a       0x9e c:/arm-gcc/tools/tools/arm-gnu-toolchain-11.3.rel1-mingw-w64-i686-arm-none-eabi/bin/../lib/gcc/arm-none-eabi/11.3.1/thumb/v7e-m+fp/hard\libc_nano.a(libc_a-memset.o)
 .debug_abbrev  0x00003728      0x1f8 c:/arm-gcc/tools/tools/arm-gnu-toolchain-11.3.rel1-mingw-w64-i686-arm-none-eabi/bin/../lib/gcc/arm-none-eabi/11.3.1/thumb/v7e-m+fp/hard\libc_nano.a(libc_a-reent.o)
 .debug_abbrev  0x00003920      0x149 c:/arm-gcc/tools/tools/arm-gnu-toolchain-11.3.rel1-mingw-w64-i686-arm-none-eabi/bin/../lib/gcc/arm-none-eabi/11.3.1/thumb/v7e-m+fp/hard\libc_nano.a(libc_a-impure.o)
 .debug_abbrev  0x00003a69      0x15e c:/arm-gcc/tools/tools/arm-gnu-toolchain-11.3.rel1-mingw-w64-i686-arm-none-eabi/bin/../lib/gcc/arm-none-eabi/11.3.1/thumb/v7e-m+fp/hard\libc_nano.a(libc_a-errno.o)
 .debug_abbrev  0x00003bc7       0xc9 c:/arm-gcc/tools/tools/arm-gnu-toolchain-11.3.rel1-mingw-w64-i686-arm-none-eabi/bin/../lib/gcc/arm-none-eabi/11.3.1/thumb/v7e-m+fp/hard\libc_nano.a(libc_a-init.o)
 .debug_abbrev  0x00003c90      0x115 c:/arm-gcc/tools/tools/arm-gnu-toolchain-11.3.rel1-mingw-w64-i686-arm-none-eabi/bin/../lib/gcc/arm-none-eabi/11.3.1/thumb/v7e-m+fp/hard\libc_nano.a(libc_a-lock.o)
 .debug_abbrev  0x00003da5       0xc1 c:/arm-gcc/tools/tools/arm-gnu-toolchain-11.3.rel1-mingw-w64-i686-arm-none-eabi/bin/../lib/gcc/arm-none-eabi/11.3.1/thumb/v7e-m+fp/hard\libc_nano.a(libc_a-memcpy-stub.o)
 .debug_abbrev  0x00003e66       0x14 c:/arm-gcc/tools/tools/arm-gnu-toolchain-11.3.rel1-mingw-w64-i686-arm-none-eabi/bin/../lib/gcc/arm-none-eabi/11.3.1/thumb/v7e-m+fp/hard\libc_nano.a(libc_a-strlen.o)
 .debug_abbrev  0x00003e7a      0x23b c:/arm-gcc/tools/tools/arm-gnu-toolchain-11.3.rel1-mingw-w64-i686-arm-none-eabi/bin/../lib/gcc/arm-none-eabi/11.3.1/thumb/v7e-m+fp/hard\libc_nano.a(libc_a-freer.o)
 .debug_abbrev  0x000040b5      0x24a c:/arm-gcc/tools/tools/arm-gnu-toolchain-11.3.rel1-mingw-w64-i686-arm-none-eabi/bin/../lib/gcc/arm-none-eabi/11.3.1/thumb/v7e-m+fp/hard\libc_nano.a(libc_a-mallocr.o)
 .debug_abbrev  0x000042ff      0x1bf c:/arm-gcc/tools/tools/arm-gnu-toolchain-11.3.rel1-mingw-w64-i686-arm-none-eabi/bin/../lib/gcc/arm-none-eabi/11.3.1/thumb/v7e-m+fp/hard\libc_nano.a(libc_a-mlock.o)
 .debug_abbrev  0x000044be      0x31f c:/arm-gcc/tools/tools/arm-gnu-toolchain-11.3.rel1-mingw-w64-i686-arm-none-eabi/bin/../lib/gcc/arm-none-eabi/11.3.1/thumb/v7e-m+fp/hard\libc_nano.a(libc_a-nano-svfprintf.o)
 .debug_abbrev  0x000047dd      0x28f c:/arm-gcc/tools/tools/arm-gnu-toolchain-11.3.rel1-mingw-w64-i686-arm-none-eabi/bin/../lib/gcc/arm-none-eabi/11.3.1/thumb/v7e-m+fp/hard\libc_nano.a(libc_a-nano-vfprintf_i.o)
 .debug_abbrev  0x00004a6c       0xac c:/arm-gcc/tools/tools/arm-gnu-toolchain-11.3.rel1-mingw-w64-i686-arm-none-eabi/bin/../lib/gcc/arm-none-eabi/11.3.1/thumb/v7e-m+fp/hard\libc_nano.a(libc_a-memmove.o)
 .debug_abbrev  0x00004b18      0x1da c:/arm-gcc/tools/tools/arm-gnu-toolchain-11.3.rel1-mingw-w64-i686-arm-none-eabi/bin/../lib/gcc/arm-none-eabi/11.3.1/thumb/v7e-m+fp/hard\libc_nano.a(libc_a-sbrkr.o)
 .debug_abbrev  0x00004cf2       0x14 c:/arm-gcc/tools/tools/arm-gnu-toolchain-11.3.rel1-mingw-w64-i686-arm-none-eabi/bin/../lib/gcc/arm-none-eabi/11.3.1/thumb/v7e-m+fp/hard\libc_nano.a(libc_a-memchr.o)
 .debug_abbrev  0x00004d06      0x217 c:/arm-gcc/tools/tools/arm-gnu-toolchain-11.3.rel1-mingw-w64-i686-arm-none-eabi/bin/../lib/gcc/arm-none-eabi/11.3.1/thumb/v7e-m+fp/hard\libc_nano.a(libc_a-reallocr.o)
 .debug_abbrev  0x00004f1d      0x196 c:/arm-gcc/tools/tools/arm-gnu-toolchain-11.3.rel1-mingw-w64-i686-arm-none-eabi/bin/../lib/gcc/arm-none-eabi/11.3.1/thumb/v7e-m+fp/hard\libc_nano.a(libc_a-msizer.o)
 .debug_abbrev  0x000050b3       0x14 c:/arm-gcc/tools/tools/arm-gnu-toolchain-11.3.rel1-mingw-w64-i686-arm-none-eabi/bin/../lib/gcc/arm-none-eabi/11.3.1/thumb/v7e-m+fp/hard\libgcc.a(_aeabi_uldivmod.o)
 .debug_abbrev  0x000050c7      0x16a c:/arm-gcc/tools/tools/arm-gnu-toolchain-11.3.rel1-mingw-w64-i686-arm-none-eabi/bin/../lib/gcc/arm-none-eabi/11.3.1/thumb/v7e-m+fp/hard\libgcc.a(_udivmoddi4.o)
 .debug_abbrev  0x00005231       0x14 c:/arm-gcc/tools/tools/arm-gnu-toolchain-11.3.rel1-mingw-w64-i686-arm-none-eabi/bin/../lib/gcc/arm-none-eabi/11.3.1/thumb/v7e-m+fp/hard\libgcc.a(_dvmd_tls.o)

.debug_loc      0x00000000     0x9ecf
 .debug_loc     0x00000000      0x1aa build/main.o
 .debug_loc     0x000001aa      0x200 build/stm32f4xx_it.o
 .debug_loc     0x000003aa      0x204 build/stm32f4xx_hal_msp.o
 .debug_loc     0x000005ae     0x27a0 build/stm32f4xx_hal_tim.o
 .debug_loc     0x00002d4e      0xdc8 build/stm32f4xx_hal_tim_ex.o
 .debug_loc     0x00003b16      0x3d2 build/stm32f4xx_hal_rcc.o
 .debug_loc     0x00003ee8      0x2d4 build/stm32f4xx_hal_gpio.o
 .debug_loc     0x000041bc      0x9f4 build/stm32f4xx_hal_cortex.o
 .debug_loc     0x00004bb0      0x720 build/stm32f4xx_hal.o
 .debug_loc     0x000052d0       0xa0 build/system_stm32f4xx.o
 .debug_loc     0x00005370      0x8e0 build/stm32f4xx_hal_adc.o
 .debug_loc     0x00005c50       0x50 build/sysmem.o
 .debug_loc     0x00005ca0       0x2c build/usb_device.o
 .debug_loc     0x00005ccc      0x2f4 build/usbd_desc.o
 .debug_loc     0x00005fc0      0x1c8 build/usbd_cdc_if.o
 .debug_loc     0x00006188      0x9e0 build/usbd_conf.o
 .debug_loc     0x00006b68      0xcaf build/stm32f4xx_hal_pcd.o
 .debug_loc     0x00007817      0x170 build/stm32f4xx_hal_pcd_ex.o
 .debug_loc     0x00007987     0x1190 build/stm32f4xx_ll_usb.o
 .debug_loc     0x00008b17      0x7e0 build/usbd_core.o
 .debug_loc     0x000092f7      0x4c8 build/usbd_ctlreq.o
 .debug_loc     0x000097bf      0x230 build/usbd_ioreq.o
 .debug_loc     0x000099ef      0x4e0 build/usbd_cdc.o

.debug_aranges  0x00000000     0x1518
 .debug_aranges
                0x00000000       0x48 build/main.o
 .debug_aranges
                0x00000048       0x68 build/stm32f4xx_it.o
 .debug_aranges
                0x000000b0       0x48 build/stm32f4xx_hal_msp.o
 .debug_aranges
                0x000000f8      0x3d0 build/stm32f4xx_hal_tim.o
 .debug_aranges
                0x000004c8      0x168 build/stm32f4xx_hal_tim_ex.o
 .debug_aranges
                0x00000630       0x88 build/stm32f4xx_hal_rcc.o
 .debug_aranges
                0x000006b8       0x58 build/stm32f4xx_hal_gpio.o
 .debug_aranges
                0x00000710      0x118 build/stm32f4xx_hal_cortex.o
 .debug_aranges
                0x00000828       0xf0 build/stm32f4xx_hal.o
 .debug_aranges
                0x00000918       0x28 build/system_stm32f4xx.o
 .debug_aranges
                0x00000940       0xe8 build/stm32f4xx_hal_adc.o
 .debug_aranges
                0x00000a28       0x20 build/sysmem.o
 .debug_aranges
                0x00000a48       0x20 build/usb_device.o
 .debug_aranges
                0x00000a68       0x60 build/usbd_desc.o
 .debug_aranges
                0x00000ac8       0x48 build/usbd_cdc_if.o
 .debug_aranges
                0x00000b10      0x110 build/usbd_conf.o
 .debug_aranges
                0x00000c20      0x148 build/stm32f4xx_hal_pcd.o
 .debug_aranges
                0x00000d68       0x38 build/stm32f4xx_hal_pcd_ex.o
 .debug_aranges
                0x00000da0      0x1a0 build/stm32f4xx_ll_usb.o
 .debug_aranges
                0x00000f40       0xd8 build/usbd_core.o
 .debug_aranges
                0x00001018       0x90 build/usbd_ctlreq.o
 .debug_aranges
                0x000010a8       0x50 build/usbd_ioreq.o
 .debug_aranges
                0x000010f8       0x90 build/usbd_cdc.o
 .debug_aranges
                0x00001188       0x28 build/startup_stm32f411xe.o
 .debug_aranges
                0x000011b0       0x78 c:/arm-gcc/tools/tools/arm-gnu-toolchain-11.3.rel1-mingw-w64-i686-arm-none-eabi/bin/../lib/gcc/arm-none-eabi/11.3.1/thumb/v7e-m+fp/hard\libc_nano.a(libc_a-findfp.o)
 .debug_aranges
                0x00001228       0x28 c:/arm-gcc/tools/tools/arm-gnu-toolchain-11.3.rel1-mingw-w64-i686-arm-none-eabi/bin/../lib/gcc/arm-none-eabi/11.3.1/thumb/v7e-m+fp/hard\libc_nano.a(libc_a-sprintf.o)
 .debug_aranges
                0x00001250       0x20 c:/arm-gcc/tools/tools/arm-gnu-toolchain-11.3.rel1-mingw-w64-i686-arm-none-eabi/bin/../lib/gcc/arm-none-eabi/11.3.1/thumb/v7e-m+fp/hard\libc_nano.a(libc_a-memset.o)
 .debug_aranges
                0x00001270       0x20 c:/arm-gcc/tools/tools/arm-gnu-toolchain-11.3.rel1-mingw-w64-i686-arm-none-eabi/bin/../lib/gcc/arm-none-eabi/11.3.1/thumb/v7e-m+fp/hard\libc_nano.a(libc_a-reent.o)
 .debug_aranges
                0x00001290       0x18 c:/arm-gcc/tools/tools/arm-gnu-toolchain-11.3.rel1-mingw-w64-i686-arm-none-eabi/bin/../lib/gcc/arm-none-eabi/11.3.1/thumb/v7e-m+fp/hard\libc_nano.a(libc_a-impure.o)
 .debug_aranges
                0x000012a8       0x20 c:/arm-gcc/tools/tools/arm-gnu-toolchain-11.3.rel1-mingw-w64-i686-arm-none-eabi/bin/../lib/gcc/arm-none-eabi/11.3.1/thumb/v7e-m+fp/hard\libc_nano.a(libc_a-errno.o)
 .debug_aranges
                0x000012c8       0x20 c:/arm-gcc/tools/tools/arm-gnu-toolchain-11.3.rel1-mingw-w64-i686-arm-none-eabi/bin/../lib/gcc/arm-none-eabi/11.3.1/thumb/v7e-m+fp/hard\libc_nano.a(libc_a-init.o)
 .debug_aranges
                0x000012e8       0x28 c:/arm-gcc/tools/tools/arm-gnu-toolchain-11.3.rel1-mingw-w64-i686-arm-none-eabi/bin/../lib/gcc/arm-none-eabi/11.3.1/thumb/v7e-m+fp/hard\libc_nano.a(libc_a-lock.o)
 .debug_aranges
                0x00001310       0x20 c:/arm-gcc/tools/tools/arm-gnu-toolchain-11.3.rel1-mingw-w64-i686-arm-none-eabi/bin/../lib/gcc/arm-none-eabi/11.3.1/thumb/v7e-m+fp/hard\libc_nano.a(libc_a-memcpy-stub.o)
 .debug_aranges
                0x00001330       0x20 c:/arm-gcc/tools/tools/arm-gnu-toolchain-11.3.rel1-mingw-w64-i686-arm-none-eabi/bin/../lib/gcc/arm-none-eabi/11.3.1/thumb/v7e-m+fp/hard\libc_nano.a(libc_a-strlen.o)
 .debug_aranges
                0x00001350       0x20 c:/arm-gcc/tools/tools/arm-gnu-toolchain-11.3.rel1-mingw-w64-i686-arm-none-eabi/bin/../lib/gcc/arm-none-eabi/11.3.1/thumb/v7e-m+fp/hard\libc_nano.a(libc_a-freer.o)
 .debug_aranges
                0x00001370       0x28 c:/arm-gcc/tools/tools/arm-gnu-toolchain-11.3.rel1-mingw-w64-i686-arm-none-eabi/bin/../lib/gcc/arm-none-eabi/11.3.1/thumb/v7e-m+fp/hard\libc_nano.a(libc_a-mallocr.o)
 .debug_aranges
                0x00001398       0x28 c:/arm-gcc/tools/tools/arm-gnu-toolchain-11.3.rel1-mingw-w64-i686-arm-none-eabi/bin/../lib/gcc/arm-none-eabi/11.3.1/thumb/v7e-m+fp/hard\libc_nano.a(libc_a-mlock.o)
 .debug_aranges
                0x000013c0       0x30 c:/arm-gcc/tools/tools/arm-gnu-toolchain-11.3.rel1-mingw-w64-i686-arm-none-eabi/bin/../lib/gcc/arm-none-eabi/11.3.1/thumb/v7e-m+fp/hard\libc_nano.a(libc_a-nano-svfprintf.o)
 .debug_aranges
                0x000013f0       0x28 c:/arm-gcc/tools/tools/arm-gnu-toolchain-11.3.rel1-mingw-w64-i686-arm-none-eabi/bin/../lib/gcc/arm-none-eabi/11.3.1/thumb/v7e-m+fp/hard\libc_nano.a(libc_a-nano-vfprintf_i.o)
 .debug_aranges
                0x00001418       0x20 c:/arm-gcc/tools/tools/arm-gnu-toolchain-11.3.rel1-mingw-w64-i686-arm-none-eabi/bin/../lib/gcc/arm-none-eabi/11.3.1/thumb/v7e-m+fp/hard\libc_nano.a(libc_a-memmove.o)
 .debug_aranges
                0x00001438       0x20 c:/arm-gcc/tools/tools/arm-gnu-toolchain-11.3.rel1-mingw-w64-i686-arm-none-eabi/bin/../lib/gcc/arm-none-eabi/11.3.1/thumb/v7e-m+fp/hard\libc_nano.a(libc_a-sbrkr.o)
 .debug_aranges
                0x00001458       0x20 c:/arm-gcc/tools/tools/arm-gnu-toolchain-11.3.rel1-mingw-w64-i686-arm-none-eabi/bin/../lib/gcc/arm-none-eabi/11.3.1/thumb/v7e-m+fp/hard\libc_nano.a(libc_a-memchr.o)
 .debug_aranges
                0x00001478       0x20 c:/arm-gcc/tools/tools/arm-gnu-toolchain-11.3.rel1-mingw-w64-i686-arm-none-eabi/bin/../lib/gcc/arm-none-eabi/11.3.1/thumb/v7e-m+fp/hard\libc_nano.a(libc_a-reallocr.o)
 .debug_aranges
                0x00001498       0x20 c:/arm-gcc/tools/tools/arm-gnu-toolchain-11.3.rel1-mingw-w64-i686-arm-none-eabi/bin/../lib/gcc/arm-none-eabi/11.3.1/thumb/v7e-m+fp/hard\libc_nano.a(libc_a-msizer.o)
 .debug_aranges
                0x000014b8       0x20 c:/arm-gcc/tools/tools/arm-gnu-toolchain-11.3.rel1-mingw-w64-i686-arm-none-eabi/bin/../lib/gcc/arm-none-eabi/11.3.1/thumb/v7e-m+fp/hard\libgcc.a(_aeabi_uldivmod.o)
 .debug_aranges
                0x000014d8       0x20 c:/arm-gcc/tools/tools/arm-gnu-toolchain-11.3.rel1-mingw-w64-i686-arm-none-eabi/bin/../lib/gcc/arm-none-eabi/11.3.1/thumb/v7e-m+fp/hard\libgcc.a(_udivmoddi4.o)
 .debug_aranges
                0x000014f8       0x20 c:/arm-gcc/tools/tools/arm-gnu-toolchain-11.3.rel1-mingw-w64-i686-arm-none-eabi/bin/../lib/gcc/arm-none-eabi/11.3.1/thumb/v7e-m+fp/hard\libgcc.a(_dvmd_tls.o)

.debug_ranges   0x00000000     0x1038
 .debug_ranges  0x00000000       0x38 build/main.o
 .debug_ranges  0x00000038       0x58 build/stm32f4xx_it.o
 .debug_ranges  0x00000090       0x38 build/stm32f4xx_hal_msp.o
 .debug_ranges  0x000000c8      0x3c0 build/stm32f4xx_hal_tim.o
 .debug_ranges  0x00000488      0x158 build/stm32f4xx_hal_tim_ex.o
 .debug_ranges  0x000005e0       0x78 build/stm32f4xx_hal_rcc.o
 .debug_ranges  0x00000658       0x48 build/stm32f4xx_hal_gpio.o
 .debug_ranges  0x000006a0      0x108 build/stm32f4xx_hal_cortex.o
 .debug_ranges  0x000007a8       0xe0 build/stm32f4xx_hal.o
 .debug_ranges  0x00000888       0x18 build/system_stm32f4xx.o
 .debug_ranges  0x000008a0       0xd8 build/stm32f4xx_hal_adc.o
 .debug_ranges  0x00000978       0x10 build/sysmem.o
 .debug_ranges  0x00000988       0x10 build/usb_device.o
 .debug_ranges  0x00000998       0x50 build/usbd_desc.o
 .debug_ranges  0x000009e8       0x38 build/usbd_cdc_if.o
 .debug_ranges  0x00000a20      0x100 build/usbd_conf.o
 .debug_ranges  0x00000b20      0x138 build/stm32f4xx_hal_pcd.o
 .debug_ranges  0x00000c58       0x28 build/stm32f4xx_hal_pcd_ex.o
 .debug_ranges  0x00000c80      0x190 build/stm32f4xx_ll_usb.o
 .debug_ranges  0x00000e10       0xc8 build/usbd_core.o
 .debug_ranges  0x00000ed8       0x80 build/usbd_ctlreq.o
 .debug_ranges  0x00000f58       0x40 build/usbd_ioreq.o
 .debug_ranges  0x00000f98       0x80 build/usbd_cdc.o
 .debug_ranges  0x00001018       0x20 build/startup_stm32f411xe.o

.debug_line     0x00000000    0x10d92
 .debug_line    0x00000000      0x6ba build/main.o
 .debug_line    0x000006ba      0x2ca build/stm32f4xx_it.o
 .debug_line    0x00000984      0x2dc build/stm32f4xx_hal_msp.o
 .debug_line    0x00000c60     0x2fd0 build/stm32f4xx_hal_tim.o
 .debug_line    0x00003c30     0x14a2 build/stm32f4xx_hal_tim_ex.o
 .debug_line    0x000050d2      0x8ab build/stm32f4xx_hal_rcc.o
 .debug_line    0x0000597d      0x612 build/stm32f4xx_hal_gpio.o
 .debug_line    0x00005f8f      0x7a7 build/stm32f4xx_hal_cortex.o
 .debug_line    0x00006736      0x529 build/stm32f4xx_hal.o
 .debug_line    0x00006c5f      0x24f build/system_stm32f4xx.o
 .debug_line    0x00006eae      0xcd7 build/stm32f4xx_hal_adc.o
 .debug_line    0x00007b85      0x1f6 build/sysmem.o
 .debug_line    0x00007d7b      0x233 build/usb_device.o
 .debug_line    0x00007fae      0x2fe build/usbd_desc.o
 .debug_line    0x000082ac      0x379 build/usbd_cdc_if.o
 .debug_line    0x00008625      0x70f build/usbd_conf.o
 .debug_line    0x00008d34      0xfb8 build/stm32f4xx_hal_pcd.o
 .debug_line    0x00009cec      0x2c3 build/stm32f4xx_hal_pcd_ex.o
 .debug_line    0x00009faf     0x15c2 build/stm32f4xx_ll_usb.o
 .debug_line    0x0000b571      0x77f build/usbd_core.o
 .debug_line    0x0000bcf0      0x958 build/usbd_ctlreq.o
 .debug_line    0x0000c648      0x277 build/usbd_ioreq.o
 .debug_line    0x0000c8bf      0x8bb build/usbd_cdc.o
 .debug_line    0x0000d17a       0x76 build/startup_stm32f411xe.o
 .debug_line    0x0000d1f0      0x56b c:/arm-gcc/tools/tools/arm-gnu-toolchain-11.3.rel1-mingw-w64-i686-arm-none-eabi/bin/../lib/gcc/arm-none-eabi/11.3.1/thumb/v7e-m+fp/hard\libc_nano.a(libc_a-findfp.o)